Archive member included to satisfy reference by file (symbol)

d:/programme/avr-gcc-10.1.0-x64-windows/bin/../lib/gcc/avr/10.1.0/avr5\libgcc.a(_exit.o)
                              d:/programme/avr-gcc-10.1.0-x64-windows/bin/../lib/gcc/avr/10.1.0/../../../../avr/lib/avr5/crtatmega328p.o (exit)
d:/programme/avr-gcc-10.1.0-x64-windows/bin/../lib/gcc/avr/10.1.0/../../../../avr/lib/avr5\libm.a(addsf3.o)
                              obj\Debug\main.o (__subsf3)
d:/programme/avr-gcc-10.1.0-x64-windows/bin/../lib/gcc/avr/10.1.0/../../../../avr/lib/avr5\libm.a(addsf3x.o)
                              d:/programme/avr-gcc-10.1.0-x64-windows/bin/../lib/gcc/avr/10.1.0/../../../../avr/lib/avr5\libm.a(addsf3.o) (__addsf3x)
d:/programme/avr-gcc-10.1.0-x64-windows/bin/../lib/gcc/avr/10.1.0/../../../../avr/lib/avr5\libm.a(fp_inf.o)
                              d:/programme/avr-gcc-10.1.0-x64-windows/bin/../lib/gcc/avr/10.1.0/../../../../avr/lib/avr5\libm.a(addsf3x.o) (__fp_inf)
d:/programme/avr-gcc-10.1.0-x64-windows/bin/../lib/gcc/avr/10.1.0/../../../../avr/lib/avr5\libm.a(fp_nan.o)
                              d:/programme/avr-gcc-10.1.0-x64-windows/bin/../lib/gcc/avr/10.1.0/../../../../avr/lib/avr5\libm.a(addsf3x.o) (__fp_nan)
d:/programme/avr-gcc-10.1.0-x64-windows/bin/../lib/gcc/avr/10.1.0/../../../../avr/lib/avr5\libm.a(fp_pscA.o)
                              d:/programme/avr-gcc-10.1.0-x64-windows/bin/../lib/gcc/avr/10.1.0/../../../../avr/lib/avr5\libm.a(addsf3x.o) (__fp_pscA)
d:/programme/avr-gcc-10.1.0-x64-windows/bin/../lib/gcc/avr/10.1.0/../../../../avr/lib/avr5\libm.a(fp_pscB.o)
                              d:/programme/avr-gcc-10.1.0-x64-windows/bin/../lib/gcc/avr/10.1.0/../../../../avr/lib/avr5\libm.a(addsf3x.o) (__fp_pscB)
d:/programme/avr-gcc-10.1.0-x64-windows/bin/../lib/gcc/avr/10.1.0/../../../../avr/lib/avr5\libm.a(fp_round.o)
                              d:/programme/avr-gcc-10.1.0-x64-windows/bin/../lib/gcc/avr/10.1.0/../../../../avr/lib/avr5\libm.a(addsf3.o) (__fp_round)
d:/programme/avr-gcc-10.1.0-x64-windows/bin/../lib/gcc/avr/10.1.0/../../../../avr/lib/avr5\libm.a(fp_split3.o)
                              d:/programme/avr-gcc-10.1.0-x64-windows/bin/../lib/gcc/avr/10.1.0/../../../../avr/lib/avr5\libm.a(addsf3x.o) (__fp_split3)
d:/programme/avr-gcc-10.1.0-x64-windows/bin/../lib/gcc/avr/10.1.0/../../../../avr/lib/avr5\libm.a(fp_zero.o)
                              d:/programme/avr-gcc-10.1.0-x64-windows/bin/../lib/gcc/avr/10.1.0/../../../../avr/lib/avr5\libm.a(addsf3x.o) (__fp_zero)
d:/programme/avr-gcc-10.1.0-x64-windows/bin/../lib/gcc/avr/10.1.0/../../../../avr/lib/avr5\libm.a(gesf2.o)
                              obj\Debug\main.o (__gesf2)
d:/programme/avr-gcc-10.1.0-x64-windows/bin/../lib/gcc/avr/10.1.0/../../../../avr/lib/avr5\libm.a(mulsf3.o)
                              obj\Debug\main.o (__mulsf3)
d:/programme/avr-gcc-10.1.0-x64-windows/bin/../lib/gcc/avr/10.1.0/../../../../avr/lib/avr5\libm.a(mulsf3x.o)
                              d:/programme/avr-gcc-10.1.0-x64-windows/bin/../lib/gcc/avr/10.1.0/../../../../avr/lib/avr5\libm.a(mulsf3.o) (__mulsf3x)
d:/programme/avr-gcc-10.1.0-x64-windows/bin/../lib/gcc/avr/10.1.0/../../../../avr/lib/avr5\libm.a(fp_cmp.o)
                              d:/programme/avr-gcc-10.1.0-x64-windows/bin/../lib/gcc/avr/10.1.0/../../../../avr/lib/avr5\libm.a(gesf2.o) (__fp_cmp)

Memory Configuration

Name             Origin             Length             Attributes
text             0x0000000000000000 0x0000000000020000 xr
data             0x0000000000800060 0x000000000000ffa0 rw !x
eeprom           0x0000000000810000 0x0000000000010000 rw !x
fuse             0x0000000000820000 0x0000000000000003 rw !x
lock             0x0000000000830000 0x0000000000000400 rw !x
signature        0x0000000000840000 0x0000000000000400 rw !x
user_signatures  0x0000000000850000 0x0000000000000400 rw !x
*default*        0x0000000000000000 0xffffffffffffffff

Linker script and memory map

Address of section .data set to 0x800100
LOAD d:/programme/avr-gcc-10.1.0-x64-windows/bin/../lib/gcc/avr/10.1.0/../../../../avr/lib/avr5/crtatmega328p.o
LOAD obj\Debug\fuse.o
LOAD obj\Debug\main.o
START GROUP
LOAD d:/programme/avr-gcc-10.1.0-x64-windows/bin/../lib/gcc/avr/10.1.0/avr5\libgcc.a
LOAD d:/programme/avr-gcc-10.1.0-x64-windows/bin/../lib/gcc/avr/10.1.0/../../../../avr/lib/avr5\libm.a
LOAD d:/programme/avr-gcc-10.1.0-x64-windows/bin/../lib/gcc/avr/10.1.0/../../../../avr/lib/avr5\libc.a
LOAD d:/programme/avr-gcc-10.1.0-x64-windows/bin/../lib/gcc/avr/10.1.0/../../../../avr/lib/avr5\libatmega328p.a
END GROUP
                0x0000000000020000                __TEXT_REGION_LENGTH__ = DEFINED (__TEXT_REGION_LENGTH__)?__TEXT_REGION_LENGTH__:0x20000
                0x000000000000ffa0                __DATA_REGION_LENGTH__ = DEFINED (__DATA_REGION_LENGTH__)?__DATA_REGION_LENGTH__:0xffa0
                0x0000000000010000                __EEPROM_REGION_LENGTH__ = DEFINED (__EEPROM_REGION_LENGTH__)?__EEPROM_REGION_LENGTH__:0x10000
                [0x0000000000000003]                __FUSE_REGION_LENGTH__ = DEFINED (__FUSE_REGION_LENGTH__)?__FUSE_REGION_LENGTH__:0x400
                0x0000000000000400                __LOCK_REGION_LENGTH__ = DEFINED (__LOCK_REGION_LENGTH__)?__LOCK_REGION_LENGTH__:0x400
                0x0000000000000400                __SIGNATURE_REGION_LENGTH__ = DEFINED (__SIGNATURE_REGION_LENGTH__)?__SIGNATURE_REGION_LENGTH__:0x400
                0x0000000000000400                __USER_SIGNATURE_REGION_LENGTH__ = DEFINED (__USER_SIGNATURE_REGION_LENGTH__)?__USER_SIGNATURE_REGION_LENGTH__:0x400

.hash
 *(.hash)

.dynsym
 *(.dynsym)

.dynstr
 *(.dynstr)

.gnu.version
 *(.gnu.version)

.gnu.version_d
 *(.gnu.version_d)

.gnu.version_r
 *(.gnu.version_r)

.rel.init
 *(.rel.init)

.rela.init
 *(.rela.init)

.rel.text
 *(.rel.text)
 *(.rel.text.*)
 *(.rel.gnu.linkonce.t*)

.rela.text
 *(.rela.text)
 *(.rela.text.*)
 *(.rela.gnu.linkonce.t*)

.rel.fini
 *(.rel.fini)

.rela.fini
 *(.rela.fini)

.rel.rodata
 *(.rel.rodata)
 *(.rel.rodata.*)
 *(.rel.gnu.linkonce.r*)

.rela.rodata
 *(.rela.rodata)
 *(.rela.rodata.*)
 *(.rela.gnu.linkonce.r*)

.rel.data
 *(.rel.data)
 *(.rel.data.*)
 *(.rel.gnu.linkonce.d*)

.rela.data
 *(.rela.data)
 *(.rela.data.*)
 *(.rela.gnu.linkonce.d*)

.rel.ctors
 *(.rel.ctors)

.rela.ctors
 *(.rela.ctors)

.rel.dtors
 *(.rel.dtors)

.rela.dtors
 *(.rela.dtors)

.rel.got
 *(.rel.got)

.rela.got
 *(.rela.got)

.rel.bss
 *(.rel.bss)

.rela.bss
 *(.rela.bss)

.rel.plt
 *(.rel.plt)

.rela.plt
 *(.rela.plt)

.text           0x0000000000000000      0x40a
 *(.vectors)
 .vectors       0x0000000000000000       0x68 d:/programme/avr-gcc-10.1.0-x64-windows/bin/../lib/gcc/avr/10.1.0/../../../../avr/lib/avr5/crtatmega328p.o
                0x0000000000000000                __vector_default
                0x0000000000000000                __vectors
 *(.vectors)
 *(.progmem.gcc*)
                0x0000000000000068                . = ALIGN (0x2)
                0x0000000000000068                __trampolines_start = .
 *(.trampolines)
 .trampolines   0x0000000000000068        0x0 linker stubs
 *(.trampolines*)
                0x0000000000000068                __trampolines_end = .
 *libprintf_flt.a:*(.progmem.data)
 *libc.a:*(.progmem.data)
 *(.progmem.*)
                0x0000000000000068                . = ALIGN (0x2)
 *(.lowtext)
 *(.lowtext*)
                0x0000000000000068                __ctors_start = .
 *(.ctors)
                0x0000000000000068                __ctors_end = .
                0x0000000000000068                __dtors_start = .
 *(.dtors)
                0x0000000000000068                __dtors_end = .
 SORT_BY_NAME(*)(.ctors)
 SORT_BY_NAME(*)(.dtors)
 *(.init0)
 .init0         0x0000000000000068        0x0 d:/programme/avr-gcc-10.1.0-x64-windows/bin/../lib/gcc/avr/10.1.0/../../../../avr/lib/avr5/crtatmega328p.o
                0x0000000000000068                __init
 *(.init0)
 *(.init1)
 *(.init1)
 *(.init2)
 .init2         0x0000000000000068        0xc d:/programme/avr-gcc-10.1.0-x64-windows/bin/../lib/gcc/avr/10.1.0/../../../../avr/lib/avr5/crtatmega328p.o
 *(.init2)
 *(.init3)
 *(.init3)
 *(.init4)
 *(.init4)
 *(.init5)
 *(.init5)
 *(.init6)
 *(.init6)
 *(.init7)
 *(.init7)
 *(.init8)
 *(.init8)
 *(.init9)
 .init9         0x0000000000000074        0x8 d:/programme/avr-gcc-10.1.0-x64-windows/bin/../lib/gcc/avr/10.1.0/../../../../avr/lib/avr5/crtatmega328p.o
 *(.init9)
 *(.text)
 .text          0x000000000000007c        0x4 d:/programme/avr-gcc-10.1.0-x64-windows/bin/../lib/gcc/avr/10.1.0/../../../../avr/lib/avr5/crtatmega328p.o
                0x000000000000007c                __vector_22
                0x000000000000007c                __vector_1
                0x000000000000007c                __vector_24
                0x000000000000007c                __vector_12
                0x000000000000007c                __bad_interrupt
                0x000000000000007c                __vector_6
                0x000000000000007c                __vector_3
                0x000000000000007c                __vector_23
                0x000000000000007c                __vector_25
                0x000000000000007c                __vector_11
                0x000000000000007c                __vector_13
                0x000000000000007c                __vector_17
                0x000000000000007c                __vector_19
                0x000000000000007c                __vector_7
                0x000000000000007c                __vector_5
                0x000000000000007c                __vector_4
                0x000000000000007c                __vector_9
                0x000000000000007c                __vector_2
                0x000000000000007c                __vector_21
                0x000000000000007c                __vector_15
                0x000000000000007c                __vector_8
                0x000000000000007c                __vector_14
                0x000000000000007c                __vector_10
                0x000000000000007c                __vector_16
                0x000000000000007c                __vector_18
                0x000000000000007c                __vector_20
 .text          0x0000000000000080        0x0 obj\Debug\fuse.o
 .text          0x0000000000000080       0xde obj\Debug\main.o
                0x0000000000000080                main
                0x00000000000000be                delay
 .text          0x000000000000015e        0x0 d:/programme/avr-gcc-10.1.0-x64-windows/bin/../lib/gcc/avr/10.1.0/avr5\libgcc.a(_exit.o)
 .text          0x000000000000015e        0x0 d:/programme/avr-gcc-10.1.0-x64-windows/bin/../lib/gcc/avr/10.1.0/../../../../avr/lib/avr5\libm.a(addsf3.o)
 .text          0x000000000000015e        0x0 d:/programme/avr-gcc-10.1.0-x64-windows/bin/../lib/gcc/avr/10.1.0/../../../../avr/lib/avr5\libm.a(addsf3x.o)
 .text          0x000000000000015e        0x0 d:/programme/avr-gcc-10.1.0-x64-windows/bin/../lib/gcc/avr/10.1.0/../../../../avr/lib/avr5\libm.a(fp_inf.o)
 .text          0x000000000000015e        0x0 d:/programme/avr-gcc-10.1.0-x64-windows/bin/../lib/gcc/avr/10.1.0/../../../../avr/lib/avr5\libm.a(fp_nan.o)
 .text          0x000000000000015e        0x0 d:/programme/avr-gcc-10.1.0-x64-windows/bin/../lib/gcc/avr/10.1.0/../../../../avr/lib/avr5\libm.a(fp_pscA.o)
 .text          0x000000000000015e        0x0 d:/programme/avr-gcc-10.1.0-x64-windows/bin/../lib/gcc/avr/10.1.0/../../../../avr/lib/avr5\libm.a(fp_pscB.o)
 .text          0x000000000000015e        0x0 d:/programme/avr-gcc-10.1.0-x64-windows/bin/../lib/gcc/avr/10.1.0/../../../../avr/lib/avr5\libm.a(fp_round.o)
 .text          0x000000000000015e        0x0 d:/programme/avr-gcc-10.1.0-x64-windows/bin/../lib/gcc/avr/10.1.0/../../../../avr/lib/avr5\libm.a(fp_split3.o)
 .text          0x000000000000015e        0x0 d:/programme/avr-gcc-10.1.0-x64-windows/bin/../lib/gcc/avr/10.1.0/../../../../avr/lib/avr5\libm.a(fp_zero.o)
 .text          0x000000000000015e        0x0 d:/programme/avr-gcc-10.1.0-x64-windows/bin/../lib/gcc/avr/10.1.0/../../../../avr/lib/avr5\libm.a(gesf2.o)
 .text          0x000000000000015e        0x0 d:/programme/avr-gcc-10.1.0-x64-windows/bin/../lib/gcc/avr/10.1.0/../../../../avr/lib/avr5\libm.a(mulsf3.o)
 .text          0x000000000000015e        0x0 d:/programme/avr-gcc-10.1.0-x64-windows/bin/../lib/gcc/avr/10.1.0/../../../../avr/lib/avr5\libm.a(mulsf3x.o)
 .text          0x000000000000015e        0x0 d:/programme/avr-gcc-10.1.0-x64-windows/bin/../lib/gcc/avr/10.1.0/../../../../avr/lib/avr5\libm.a(fp_cmp.o)
                0x000000000000015e                . = ALIGN (0x2)
 *(.text.*)
 .text.libgcc.mul
                0x000000000000015e        0x0 d:/programme/avr-gcc-10.1.0-x64-windows/bin/../lib/gcc/avr/10.1.0/avr5\libgcc.a(_exit.o)
 .text.libgcc.div
                0x000000000000015e        0x0 d:/programme/avr-gcc-10.1.0-x64-windows/bin/../lib/gcc/avr/10.1.0/avr5\libgcc.a(_exit.o)
 .text.libgcc   0x000000000000015e        0x0 d:/programme/avr-gcc-10.1.0-x64-windows/bin/../lib/gcc/avr/10.1.0/avr5\libgcc.a(_exit.o)
 .text.libgcc.prologue
                0x000000000000015e        0x0 d:/programme/avr-gcc-10.1.0-x64-windows/bin/../lib/gcc/avr/10.1.0/avr5\libgcc.a(_exit.o)
 .text.libgcc.builtins
                0x000000000000015e        0x0 d:/programme/avr-gcc-10.1.0-x64-windows/bin/../lib/gcc/avr/10.1.0/avr5\libgcc.a(_exit.o)
 .text.libgcc.fmul
                0x000000000000015e        0x0 d:/programme/avr-gcc-10.1.0-x64-windows/bin/../lib/gcc/avr/10.1.0/avr5\libgcc.a(_exit.o)
 .text.libgcc.fixed
                0x000000000000015e        0x0 d:/programme/avr-gcc-10.1.0-x64-windows/bin/../lib/gcc/avr/10.1.0/avr5\libgcc.a(_exit.o)
 .text.avr-libc.fplib
                0x000000000000015e        0xe d:/programme/avr-gcc-10.1.0-x64-windows/bin/../lib/gcc/avr/10.1.0/../../../../avr/lib/avr5\libm.a(addsf3.o)
                0x000000000000015e                __subsf3
                0x0000000000000160                __addsf3
 .text.avr-libc.fplib
                0x000000000000016c       0xcc d:/programme/avr-gcc-10.1.0-x64-windows/bin/../lib/gcc/avr/10.1.0/../../../../avr/lib/avr5\libm.a(addsf3x.o)
                0x000000000000018e                __addsf3x
 .text.avr-libc.fplib
                0x0000000000000238        0xc d:/programme/avr-gcc-10.1.0-x64-windows/bin/../lib/gcc/avr/10.1.0/../../../../avr/lib/avr5\libm.a(fp_inf.o)
                0x0000000000000238                __fp_inf
 .text.avr-libc.fplib
                0x0000000000000244        0x6 d:/programme/avr-gcc-10.1.0-x64-windows/bin/../lib/gcc/avr/10.1.0/../../../../avr/lib/avr5\libm.a(fp_nan.o)
                0x0000000000000244                __fp_nan
 .text.avr-libc.fplib
                0x000000000000024a        0xe d:/programme/avr-gcc-10.1.0-x64-windows/bin/../lib/gcc/avr/10.1.0/../../../../avr/lib/avr5\libm.a(fp_pscA.o)
                0x000000000000024a                __fp_pscA
 .text.avr-libc.fplib
                0x0000000000000258        0xe d:/programme/avr-gcc-10.1.0-x64-windows/bin/../lib/gcc/avr/10.1.0/../../../../avr/lib/avr5\libm.a(fp_pscB.o)
                0x0000000000000258                __fp_pscB
 .text.avr-libc.fplib
                0x0000000000000266       0x22 d:/programme/avr-gcc-10.1.0-x64-windows/bin/../lib/gcc/avr/10.1.0/../../../../avr/lib/avr5\libm.a(fp_round.o)
                0x0000000000000266                __fp_round
 .text.avr-libc.fplib
                0x0000000000000288       0x44 d:/programme/avr-gcc-10.1.0-x64-windows/bin/../lib/gcc/avr/10.1.0/../../../../avr/lib/avr5\libm.a(fp_split3.o)
                0x0000000000000288                __fp_split3
                0x0000000000000298                __fp_splitA
 .text.avr-libc.fplib
                0x00000000000002cc        0xe d:/programme/avr-gcc-10.1.0-x64-windows/bin/../lib/gcc/avr/10.1.0/../../../../avr/lib/avr5\libm.a(fp_zero.o)
                0x00000000000002cc                __fp_zero
                0x00000000000002ce                __fp_szero
 .text.avr-libc.fplib
                0x00000000000002da        0xa d:/programme/avr-gcc-10.1.0-x64-windows/bin/../lib/gcc/avr/10.1.0/../../../../avr/lib/avr5\libm.a(gesf2.o)
                0x00000000000002da                __gesf2
                0x00000000000002da                __gtsf2
 .text.avr-libc.fplib
                0x00000000000002e4        0x8 d:/programme/avr-gcc-10.1.0-x64-windows/bin/../lib/gcc/avr/10.1.0/../../../../avr/lib/avr5\libm.a(mulsf3.o)
                0x00000000000002e4                __mulsf3
 .text.avr-libc.fplib
                0x00000000000002ec       0xd2 d:/programme/avr-gcc-10.1.0-x64-windows/bin/../lib/gcc/avr/10.1.0/../../../../avr/lib/avr5\libm.a(mulsf3x.o)
                0x000000000000030a                __mulsf3x
                0x0000000000000310                __mulsf3_pse
 .text.avr-libc.fplib
                0x00000000000003be       0x48 d:/programme/avr-gcc-10.1.0-x64-windows/bin/../lib/gcc/avr/10.1.0/../../../../avr/lib/avr5\libm.a(fp_cmp.o)
                0x00000000000003be                __fp_cmp
                0x0000000000000406                . = ALIGN (0x2)
 *(.fini9)
 .fini9         0x0000000000000406        0x0 d:/programme/avr-gcc-10.1.0-x64-windows/bin/../lib/gcc/avr/10.1.0/avr5\libgcc.a(_exit.o)
                0x0000000000000406                _exit
                0x0000000000000406                exit
 *(.fini9)
 *(.fini8)
 *(.fini8)
 *(.fini7)
 *(.fini7)
 *(.fini6)
 *(.fini6)
 *(.fini5)
 *(.fini5)
 *(.fini4)
 *(.fini4)
 *(.fini3)
 *(.fini3)
 *(.fini2)
 *(.fini2)
 *(.fini1)
 *(.fini1)
 *(.fini0)
 .fini0         0x0000000000000406        0x4 d:/programme/avr-gcc-10.1.0-x64-windows/bin/../lib/gcc/avr/10.1.0/avr5\libgcc.a(_exit.o)
 *(.fini0)
 *(.hightext)
 *(.hightext*)
 *(.progmemx.*)
                0x000000000000040a                . = ALIGN (0x2)
 *(.jumptables)
 *(.jumptables*)
                0x000000000000040a                _etext = .

.data           0x0000000000800100        0x0 load address 0x000000000000040a
                [!provide]                        PROVIDE (__data_start = .)
 *(.data)
 .data          0x0000000000800100        0x0 d:/programme/avr-gcc-10.1.0-x64-windows/bin/../lib/gcc/avr/10.1.0/../../../../avr/lib/avr5/crtatmega328p.o
 .data          0x0000000000800100        0x0 obj\Debug\fuse.o
 .data          0x0000000000800100        0x0 obj\Debug\main.o
 .data          0x0000000000800100        0x0 d:/programme/avr-gcc-10.1.0-x64-windows/bin/../lib/gcc/avr/10.1.0/avr5\libgcc.a(_exit.o)
 .data          0x0000000000800100        0x0 d:/programme/avr-gcc-10.1.0-x64-windows/bin/../lib/gcc/avr/10.1.0/../../../../avr/lib/avr5\libm.a(addsf3.o)
 .data          0x0000000000800100        0x0 d:/programme/avr-gcc-10.1.0-x64-windows/bin/../lib/gcc/avr/10.1.0/../../../../avr/lib/avr5\libm.a(addsf3x.o)
 .data          0x0000000000800100        0x0 d:/programme/avr-gcc-10.1.0-x64-windows/bin/../lib/gcc/avr/10.1.0/../../../../avr/lib/avr5\libm.a(fp_inf.o)
 .data          0x0000000000800100        0x0 d:/programme/avr-gcc-10.1.0-x64-windows/bin/../lib/gcc/avr/10.1.0/../../../../avr/lib/avr5\libm.a(fp_nan.o)
 .data          0x0000000000800100        0x0 d:/programme/avr-gcc-10.1.0-x64-windows/bin/../lib/gcc/avr/10.1.0/../../../../avr/lib/avr5\libm.a(fp_pscA.o)
 .data          0x0000000000800100        0x0 d:/programme/avr-gcc-10.1.0-x64-windows/bin/../lib/gcc/avr/10.1.0/../../../../avr/lib/avr5\libm.a(fp_pscB.o)
 .data          0x0000000000800100        0x0 d:/programme/avr-gcc-10.1.0-x64-windows/bin/../lib/gcc/avr/10.1.0/../../../../avr/lib/avr5\libm.a(fp_round.o)
 .data          0x0000000000800100        0x0 d:/programme/avr-gcc-10.1.0-x64-windows/bin/../lib/gcc/avr/10.1.0/../../../../avr/lib/avr5\libm.a(fp_split3.o)
 .data          0x0000000000800100        0x0 d:/programme/avr-gcc-10.1.0-x64-windows/bin/../lib/gcc/avr/10.1.0/../../../../avr/lib/avr5\libm.a(fp_zero.o)
 .data          0x0000000000800100        0x0 d:/programme/avr-gcc-10.1.0-x64-windows/bin/../lib/gcc/avr/10.1.0/../../../../avr/lib/avr5\libm.a(gesf2.o)
 .data          0x0000000000800100        0x0 d:/programme/avr-gcc-10.1.0-x64-windows/bin/../lib/gcc/avr/10.1.0/../../../../avr/lib/avr5\libm.a(mulsf3.o)
 .data          0x0000000000800100        0x0 d:/programme/avr-gcc-10.1.0-x64-windows/bin/../lib/gcc/avr/10.1.0/../../../../avr/lib/avr5\libm.a(mulsf3x.o)
 .data          0x0000000000800100        0x0 d:/programme/avr-gcc-10.1.0-x64-windows/bin/../lib/gcc/avr/10.1.0/../../../../avr/lib/avr5\libm.a(fp_cmp.o)
 *(.data*)
 *(.gnu.linkonce.d*)
 *(.rodata)
 *(.rodata*)
 *(.gnu.linkonce.r*)
                0x0000000000800100                . = ALIGN (0x2)
                0x0000000000800100                _edata = .
                [!provide]                        PROVIDE (__data_end = .)

.bss            0x0000000000800100        0x0
                [!provide]                        PROVIDE (__bss_start = .)
 *(.bss)
 .bss           0x0000000000800100        0x0 d:/programme/avr-gcc-10.1.0-x64-windows/bin/../lib/gcc/avr/10.1.0/../../../../avr/lib/avr5/crtatmega328p.o
 .bss           0x0000000000800100        0x0 obj\Debug\fuse.o
 .bss           0x0000000000800100        0x0 obj\Debug\main.o
 .bss           0x0000000000800100        0x0 d:/programme/avr-gcc-10.1.0-x64-windows/bin/../lib/gcc/avr/10.1.0/avr5\libgcc.a(_exit.o)
 .bss           0x0000000000800100        0x0 d:/programme/avr-gcc-10.1.0-x64-windows/bin/../lib/gcc/avr/10.1.0/../../../../avr/lib/avr5\libm.a(addsf3.o)
 .bss           0x0000000000800100        0x0 d:/programme/avr-gcc-10.1.0-x64-windows/bin/../lib/gcc/avr/10.1.0/../../../../avr/lib/avr5\libm.a(addsf3x.o)
 .bss           0x0000000000800100        0x0 d:/programme/avr-gcc-10.1.0-x64-windows/bin/../lib/gcc/avr/10.1.0/../../../../avr/lib/avr5\libm.a(fp_inf.o)
 .bss           0x0000000000800100        0x0 d:/programme/avr-gcc-10.1.0-x64-windows/bin/../lib/gcc/avr/10.1.0/../../../../avr/lib/avr5\libm.a(fp_nan.o)
 .bss           0x0000000000800100        0x0 d:/programme/avr-gcc-10.1.0-x64-windows/bin/../lib/gcc/avr/10.1.0/../../../../avr/lib/avr5\libm.a(fp_pscA.o)
 .bss           0x0000000000800100        0x0 d:/programme/avr-gcc-10.1.0-x64-windows/bin/../lib/gcc/avr/10.1.0/../../../../avr/lib/avr5\libm.a(fp_pscB.o)
 .bss           0x0000000000800100        0x0 d:/programme/avr-gcc-10.1.0-x64-windows/bin/../lib/gcc/avr/10.1.0/../../../../avr/lib/avr5\libm.a(fp_round.o)
 .bss           0x0000000000800100        0x0 d:/programme/avr-gcc-10.1.0-x64-windows/bin/../lib/gcc/avr/10.1.0/../../../../avr/lib/avr5\libm.a(fp_split3.o)
 .bss           0x0000000000800100        0x0 d:/programme/avr-gcc-10.1.0-x64-windows/bin/../lib/gcc/avr/10.1.0/../../../../avr/lib/avr5\libm.a(fp_zero.o)
 .bss           0x0000000000800100        0x0 d:/programme/avr-gcc-10.1.0-x64-windows/bin/../lib/gcc/avr/10.1.0/../../../../avr/lib/avr5\libm.a(gesf2.o)
 .bss           0x0000000000800100        0x0 d:/programme/avr-gcc-10.1.0-x64-windows/bin/../lib/gcc/avr/10.1.0/../../../../avr/lib/avr5\libm.a(mulsf3.o)
 .bss           0x0000000000800100        0x0 d:/programme/avr-gcc-10.1.0-x64-windows/bin/../lib/gcc/avr/10.1.0/../../../../avr/lib/avr5\libm.a(mulsf3x.o)
 .bss           0x0000000000800100        0x0 d:/programme/avr-gcc-10.1.0-x64-windows/bin/../lib/gcc/avr/10.1.0/../../../../avr/lib/avr5\libm.a(fp_cmp.o)
 *(.bss*)
 *(COMMON)
                [!provide]                        PROVIDE (__bss_end = .)
                0x000000000000040a                __data_load_start = LOADADDR (.data)
                0x000000000000040a                __data_load_end = (__data_load_start + SIZEOF (.data))

.noinit         0x0000000000800100        0x0
                [!provide]                        PROVIDE (__noinit_start = .)
 *(.noinit*)
                [!provide]                        PROVIDE (__noinit_end = .)
                0x0000000000800100                _end = .
                [!provide]                        PROVIDE (__heap_start = .)

.eeprom         0x0000000000810000        0x0
 *(.eeprom*)
                0x0000000000810000                __eeprom_end = .

.fuse           0x0000000000820000        0x3
 *(.fuse)
 .fuse          0x0000000000820000        0x3 obj\Debug\fuse.o
                0x0000000000820000                __fuse
 *(.lfuse)
 *(.hfuse)
 *(.efuse)

.lock
 *(.lock*)

.signature
 *(.signature*)

.stab
 *(.stab)

.stabstr
 *(.stabstr)

.stab.excl
 *(.stab.excl)

.stab.exclstr
 *(.stab.exclstr)

.stab.index
 *(.stab.index)

.stab.indexstr
 *(.stab.indexstr)

.comment        0x0000000000000000       0x12
 *(.comment)
 .comment       0x0000000000000000       0x12 obj\Debug\main.o
                                         0x13 (size before relaxing)

.note.gnu.avr.deviceinfo
                0x0000000000000000       0x40
 .note.gnu.avr.deviceinfo
                0x0000000000000000       0x40 d:/programme/avr-gcc-10.1.0-x64-windows/bin/../lib/gcc/avr/10.1.0/../../../../avr/lib/avr5/crtatmega328p.o

.note.gnu.build-id
 *(.note.gnu.build-id)

.debug
 *(.debug)

.line
 *(.line)

.debug_srcinfo
 *(.debug_srcinfo)

.debug_sfnames
 *(.debug_sfnames)

.debug_aranges  0x0000000000000000       0x40
 *(.debug_aranges)
 .debug_aranges
                0x0000000000000000       0x20 obj\Debug\main.o
 .debug_aranges
                0x0000000000000020       0x20 d:/programme/avr-gcc-10.1.0-x64-windows/bin/../lib/gcc/avr/10.1.0/avr5\libgcc.a(_exit.o)

.debug_pubnames
                0x0000000000000000       0x1d
 *(.debug_pubnames)
 .debug_pubnames
                0x0000000000000000       0x1d obj\Debug\fuse.o

.debug_info     0x0000000000000000      0x774
 *(.debug_info .gnu.linkonce.wi.*)
 .debug_info    0x0000000000000000      0x5f4 d:/programme/avr-gcc-10.1.0-x64-windows/bin/../lib/gcc/avr/10.1.0/../../../../avr/lib/avr5/crtatmega328p.o
 .debug_info    0x00000000000005f4       0xae obj\Debug\fuse.o
 .debug_info    0x00000000000006a2       0xac obj\Debug\main.o
 .debug_info    0x000000000000074e       0x26 d:/programme/avr-gcc-10.1.0-x64-windows/bin/../lib/gcc/avr/10.1.0/avr5\libgcc.a(_exit.o)

.debug_abbrev   0x0000000000000000      0x6ab
 *(.debug_abbrev)
 .debug_abbrev  0x0000000000000000      0x5a2 d:/programme/avr-gcc-10.1.0-x64-windows/bin/../lib/gcc/avr/10.1.0/../../../../avr/lib/avr5/crtatmega328p.o
 .debug_abbrev  0x00000000000005a2       0x73 obj\Debug\fuse.o
 .debug_abbrev  0x0000000000000615       0x82 obj\Debug\main.o
 .debug_abbrev  0x0000000000000697       0x14 d:/programme/avr-gcc-10.1.0-x64-windows/bin/../lib/gcc/avr/10.1.0/avr5\libgcc.a(_exit.o)

.debug_line     0x0000000000000000      0x213
 *(.debug_line .debug_line.* .debug_line_end)
 .debug_line    0x0000000000000000       0x1d d:/programme/avr-gcc-10.1.0-x64-windows/bin/../lib/gcc/avr/10.1.0/../../../../avr/lib/avr5/crtatmega328p.o
 .debug_line    0x000000000000001d       0x84 obj\Debug\fuse.o
 .debug_line    0x00000000000000a1      0x111 obj\Debug\main.o
 .debug_line    0x00000000000001b2       0x61 d:/programme/avr-gcc-10.1.0-x64-windows/bin/../lib/gcc/avr/10.1.0/avr5\libgcc.a(_exit.o)

.debug_frame    0x0000000000000000       0x54
 *(.debug_frame)
 .debug_frame   0x0000000000000000       0x54 obj\Debug\main.o

.debug_str      0x0000000000000000      0x365
 *(.debug_str)
 .debug_str     0x0000000000000000      0x20b d:/programme/avr-gcc-10.1.0-x64-windows/bin/../lib/gcc/avr/10.1.0/../../../../avr/lib/avr5/crtatmega328p.o
 .debug_str     0x000000000000020b       0x86 obj\Debug\fuse.o
                                         0xba (size before relaxing)
 .debug_str     0x0000000000000291       0x75 obj\Debug\main.o
                                         0xfe (size before relaxing)
 .debug_str     0x0000000000000306       0x5f d:/programme/avr-gcc-10.1.0-x64-windows/bin/../lib/gcc/avr/10.1.0/avr5\libgcc.a(_exit.o)

.debug_loc
 *(.debug_loc)

.debug_macinfo
 *(.debug_macinfo)

.debug_weaknames
 *(.debug_weaknames)

.debug_funcnames
 *(.debug_funcnames)

.debug_typenames
 *(.debug_typenames)

.debug_varnames
 *(.debug_varnames)

.debug_pubtypes
 *(.debug_pubtypes)

.debug_ranges
 *(.debug_ranges)

.debug_macro
 *(.debug_macro)

.debug_addr
 *(.debug_addr)
OUTPUT(bin\Debug\HalloWelt1.elf elf32-avr)
LOAD linker stubs

Cross Reference Table

Symbol                                            File
__FUSE_REGION_LENGTH__                            d:/programme/avr-gcc-10.1.0-x64-windows/bin/../lib/gcc/avr/10.1.0/../../../../avr/lib/avr5/crtatmega328p.o
__addsf3                                          d:/programme/avr-gcc-10.1.0-x64-windows/bin/../lib/gcc/avr/10.1.0/../../../../avr/lib/avr5\libm.a(addsf3.o)
__addsf3x                                         d:/programme/avr-gcc-10.1.0-x64-windows/bin/../lib/gcc/avr/10.1.0/../../../../avr/lib/avr5\libm.a(addsf3x.o)
                                                  d:/programme/avr-gcc-10.1.0-x64-windows/bin/../lib/gcc/avr/10.1.0/../../../../avr/lib/avr5\libm.a(addsf3.o)
__bad_interrupt                                   d:/programme/avr-gcc-10.1.0-x64-windows/bin/../lib/gcc/avr/10.1.0/../../../../avr/lib/avr5/crtatmega328p.o
__fp_cmp                                          d:/programme/avr-gcc-10.1.0-x64-windows/bin/../lib/gcc/avr/10.1.0/../../../../avr/lib/avr5\libm.a(fp_cmp.o)
                                                  d:/programme/avr-gcc-10.1.0-x64-windows/bin/../lib/gcc/avr/10.1.0/../../../../avr/lib/avr5\libm.a(gesf2.o)
__fp_inf                                          d:/programme/avr-gcc-10.1.0-x64-windows/bin/../lib/gcc/avr/10.1.0/../../../../avr/lib/avr5\libm.a(fp_inf.o)
                                                  d:/programme/avr-gcc-10.1.0-x64-windows/bin/../lib/gcc/avr/10.1.0/../../../../avr/lib/avr5\libm.a(mulsf3x.o)
                                                  d:/programme/avr-gcc-10.1.0-x64-windows/bin/../lib/gcc/avr/10.1.0/../../../../avr/lib/avr5\libm.a(addsf3x.o)
__fp_nan                                          d:/programme/avr-gcc-10.1.0-x64-windows/bin/../lib/gcc/avr/10.1.0/../../../../avr/lib/avr5\libm.a(fp_nan.o)
                                                  d:/programme/avr-gcc-10.1.0-x64-windows/bin/../lib/gcc/avr/10.1.0/../../../../avr/lib/avr5\libm.a(mulsf3x.o)
                                                  d:/programme/avr-gcc-10.1.0-x64-windows/bin/../lib/gcc/avr/10.1.0/../../../../avr/lib/avr5\libm.a(addsf3x.o)
__fp_pscA                                         d:/programme/avr-gcc-10.1.0-x64-windows/bin/../lib/gcc/avr/10.1.0/../../../../avr/lib/avr5\libm.a(fp_pscA.o)
                                                  d:/programme/avr-gcc-10.1.0-x64-windows/bin/../lib/gcc/avr/10.1.0/../../../../avr/lib/avr5\libm.a(mulsf3x.o)
                                                  d:/programme/avr-gcc-10.1.0-x64-windows/bin/../lib/gcc/avr/10.1.0/../../../../avr/lib/avr5\libm.a(addsf3x.o)
__fp_pscB                                         d:/programme/avr-gcc-10.1.0-x64-windows/bin/../lib/gcc/avr/10.1.0/../../../../avr/lib/avr5\libm.a(fp_pscB.o)
                                                  d:/programme/avr-gcc-10.1.0-x64-windows/bin/../lib/gcc/avr/10.1.0/../../../../avr/lib/avr5\libm.a(mulsf3x.o)
                                                  d:/programme/avr-gcc-10.1.0-x64-windows/bin/../lib/gcc/avr/10.1.0/../../../../avr/lib/avr5\libm.a(addsf3x.o)
__fp_round                                        d:/programme/avr-gcc-10.1.0-x64-windows/bin/../lib/gcc/avr/10.1.0/../../../../avr/lib/avr5\libm.a(fp_round.o)
                                                  d:/programme/avr-gcc-10.1.0-x64-windows/bin/../lib/gcc/avr/10.1.0/../../../../avr/lib/avr5\libm.a(mulsf3.o)
                                                  d:/programme/avr-gcc-10.1.0-x64-windows/bin/../lib/gcc/avr/10.1.0/../../../../avr/lib/avr5\libm.a(addsf3.o)
__fp_split3                                       d:/programme/avr-gcc-10.1.0-x64-windows/bin/../lib/gcc/avr/10.1.0/../../../../avr/lib/avr5\libm.a(fp_split3.o)
                                                  d:/programme/avr-gcc-10.1.0-x64-windows/bin/../lib/gcc/avr/10.1.0/../../../../avr/lib/avr5\libm.a(mulsf3x.o)
                                                  d:/programme/avr-gcc-10.1.0-x64-windows/bin/../lib/gcc/avr/10.1.0/../../../../avr/lib/avr5\libm.a(addsf3x.o)
__fp_splitA                                       d:/programme/avr-gcc-10.1.0-x64-windows/bin/../lib/gcc/avr/10.1.0/../../../../avr/lib/avr5\libm.a(fp_split3.o)
__fp_szero                                        d:/programme/avr-gcc-10.1.0-x64-windows/bin/../lib/gcc/avr/10.1.0/../../../../avr/lib/avr5\libm.a(fp_zero.o)
                                                  d:/programme/avr-gcc-10.1.0-x64-windows/bin/../lib/gcc/avr/10.1.0/../../../../avr/lib/avr5\libm.a(mulsf3x.o)
__fp_zero                                         d:/programme/avr-gcc-10.1.0-x64-windows/bin/../lib/gcc/avr/10.1.0/../../../../avr/lib/avr5\libm.a(fp_zero.o)
                                                  d:/programme/avr-gcc-10.1.0-x64-windows/bin/../lib/gcc/avr/10.1.0/../../../../avr/lib/avr5\libm.a(addsf3x.o)
__fuse                                            obj\Debug\fuse.o
__gesf2                                           d:/programme/avr-gcc-10.1.0-x64-windows/bin/../lib/gcc/avr/10.1.0/../../../../avr/lib/avr5\libm.a(gesf2.o)
                                                  obj\Debug\main.o
__gtsf2                                           d:/programme/avr-gcc-10.1.0-x64-windows/bin/../lib/gcc/avr/10.1.0/../../../../avr/lib/avr5\libm.a(gesf2.o)
__heap_end                                        d:/programme/avr-gcc-10.1.0-x64-windows/bin/../lib/gcc/avr/10.1.0/../../../../avr/lib/avr5/crtatmega328p.o
__init                                            d:/programme/avr-gcc-10.1.0-x64-windows/bin/../lib/gcc/avr/10.1.0/../../../../avr/lib/avr5/crtatmega328p.o
__mulsf3                                          d:/programme/avr-gcc-10.1.0-x64-windows/bin/../lib/gcc/avr/10.1.0/../../../../avr/lib/avr5\libm.a(mulsf3.o)
                                                  obj\Debug\main.o
__mulsf3_pse                                      d:/programme/avr-gcc-10.1.0-x64-windows/bin/../lib/gcc/avr/10.1.0/../../../../avr/lib/avr5\libm.a(mulsf3x.o)
__mulsf3x                                         d:/programme/avr-gcc-10.1.0-x64-windows/bin/../lib/gcc/avr/10.1.0/../../../../avr/lib/avr5\libm.a(mulsf3x.o)
                                                  d:/programme/avr-gcc-10.1.0-x64-windows/bin/../lib/gcc/avr/10.1.0/../../../../avr/lib/avr5\libm.a(mulsf3.o)
__stack                                           d:/programme/avr-gcc-10.1.0-x64-windows/bin/../lib/gcc/avr/10.1.0/../../../../avr/lib/avr5/crtatmega328p.o
__subsf3                                          d:/programme/avr-gcc-10.1.0-x64-windows/bin/../lib/gcc/avr/10.1.0/../../../../avr/lib/avr5\libm.a(addsf3.o)
                                                  obj\Debug\main.o
__vector_1                                        d:/programme/avr-gcc-10.1.0-x64-windows/bin/../lib/gcc/avr/10.1.0/../../../../avr/lib/avr5/crtatmega328p.o
__vector_10                                       d:/programme/avr-gcc-10.1.0-x64-windows/bin/../lib/gcc/avr/10.1.0/../../../../avr/lib/avr5/crtatmega328p.o
__vector_11                                       d:/programme/avr-gcc-10.1.0-x64-windows/bin/../lib/gcc/avr/10.1.0/../../../../avr/lib/avr5/crtatmega328p.o
__vector_12                                       d:/programme/avr-gcc-10.1.0-x64-windows/bin/../lib/gcc/avr/10.1.0/../../../../avr/lib/avr5/crtatmega328p.o
__vector_13                                       d:/programme/avr-gcc-10.1.0-x64-windows/bin/../lib/gcc/avr/10.1.0/../../../../avr/lib/avr5/crtatmega328p.o
__vector_14                                       d:/programme/avr-gcc-10.1.0-x64-windows/bin/../lib/gcc/avr/10.1.0/../../../../avr/lib/avr5/crtatmega328p.o
__vector_15                                       d:/programme/avr-gcc-10.1.0-x64-windows/bin/../lib/gcc/avr/10.1.0/../../../../avr/lib/avr5/crtatmega328p.o
__vector_16                                       d:/programme/avr-gcc-10.1.0-x64-windows/bin/../lib/gcc/avr/10.1.0/../../../../avr/lib/avr5/crtatmega328p.o
__vector_17                                       d:/programme/avr-gcc-10.1.0-x64-windows/bin/../lib/gcc/avr/10.1.0/../../../../avr/lib/avr5/crtatmega328p.o
__vector_18                                       d:/programme/avr-gcc-10.1.0-x64-windows/bin/../lib/gcc/avr/10.1.0/../../../../avr/lib/avr5/crtatmega328p.o
__vector_19                                       d:/programme/avr-gcc-10.1.0-x64-windows/bin/../lib/gcc/avr/10.1.0/../../../../avr/lib/avr5/crtatmega328p.o
__vector_2                                        d:/programme/avr-gcc-10.1.0-x64-windows/bin/../lib/gcc/avr/10.1.0/../../../../avr/lib/avr5/crtatmega328p.o
__vector_20                                       d:/programme/avr-gcc-10.1.0-x64-windows/bin/../lib/gcc/avr/10.1.0/../../../../avr/lib/avr5/crtatmega328p.o
__vector_21                                       d:/programme/avr-gcc-10.1.0-x64-windows/bin/../lib/gcc/avr/10.1.0/../../../../avr/lib/avr5/crtatmega328p.o
__vector_22                                       d:/programme/avr-gcc-10.1.0-x64-windows/bin/../lib/gcc/avr/10.1.0/../../../../avr/lib/avr5/crtatmega328p.o
__vector_23                                       d:/programme/avr-gcc-10.1.0-x64-windows/bin/../lib/gcc/avr/10.1.0/../../../../avr/lib/avr5/crtatmega328p.o
__vector_24                                       d:/programme/avr-gcc-10.1.0-x64-windows/bin/../lib/gcc/avr/10.1.0/../../../../avr/lib/avr5/crtatmega328p.o
__vector_25                                       d:/programme/avr-gcc-10.1.0-x64-windows/bin/../lib/gcc/avr/10.1.0/../../../../avr/lib/avr5/crtatmega328p.o
__vector_3                                        d:/programme/avr-gcc-10.1.0-x64-windows/bin/../lib/gcc/avr/10.1.0/../../../../avr/lib/avr5/crtatmega328p.o
__vector_4                                        d:/programme/avr-gcc-10.1.0-x64-windows/bin/../lib/gcc/avr/10.1.0/../../../../avr/lib/avr5/crtatmega328p.o
__vector_5                                        d:/programme/avr-gcc-10.1.0-x64-windows/bin/../lib/gcc/avr/10.1.0/../../../../avr/lib/avr5/crtatmega328p.o
__vector_6                                        d:/programme/avr-gcc-10.1.0-x64-windows/bin/../lib/gcc/avr/10.1.0/../../../../avr/lib/avr5/crtatmega328p.o
__vector_7                                        d:/programme/avr-gcc-10.1.0-x64-windows/bin/../lib/gcc/avr/10.1.0/../../../../avr/lib/avr5/crtatmega328p.o
__vector_8                                        d:/programme/avr-gcc-10.1.0-x64-windows/bin/../lib/gcc/avr/10.1.0/../../../../avr/lib/avr5/crtatmega328p.o
__vector_9                                        d:/programme/avr-gcc-10.1.0-x64-windows/bin/../lib/gcc/avr/10.1.0/../../../../avr/lib/avr5/crtatmega328p.o
__vector_default                                  d:/programme/avr-gcc-10.1.0-x64-windows/bin/../lib/gcc/avr/10.1.0/../../../../avr/lib/avr5/crtatmega328p.o
__vectors                                         d:/programme/avr-gcc-10.1.0-x64-windows/bin/../lib/gcc/avr/10.1.0/../../../../avr/lib/avr5/crtatmega328p.o
_exit                                             d:/programme/avr-gcc-10.1.0-x64-windows/bin/../lib/gcc/avr/10.1.0/avr5\libgcc.a(_exit.o)
delay                                             obj\Debug\main.o
exit                                              d:/programme/avr-gcc-10.1.0-x64-windows/bin/../lib/gcc/avr/10.1.0/avr5\libgcc.a(_exit.o)
                                                  d:/programme/avr-gcc-10.1.0-x64-windows/bin/../lib/gcc/avr/10.1.0/../../../../avr/lib/avr5/crtatmega328p.o
main                                              obj\Debug\main.o
                                                  d:/programme/avr-gcc-10.1.0-x64-windows/bin/../lib/gcc/avr/10.1.0/../../../../avr/lib/avr5/crtatmega328p.o
