Archive member included to satisfy reference by file (symbol)

d:/programme/avr-gcc-10.1.0-x64-windows/bin/../lib/gcc/avr/10.1.0/avr5\libgcc.a(_exit.o)
                              d:/programme/avr-gcc-10.1.0-x64-windows/bin/../lib/gcc/avr/10.1.0/../../../../avr/lib/avr5/crtatmega328p.o (exit)
d:/programme/avr-gcc-10.1.0-x64-windows/bin/../lib/gcc/avr/10.1.0/avr5\libgcc.a(_copy_data.o)
                              obj\Debug\main.o (__do_copy_data)
d:/programme/avr-gcc-10.1.0-x64-windows/bin/../lib/gcc/avr/10.1.0/../../../../avr/lib/avr5\libm.a(cmpsf2.o)
                              obj\Debug\lcd.o (__ltsf2)
d:/programme/avr-gcc-10.1.0-x64-windows/bin/../lib/gcc/avr/10.1.0/../../../../avr/lib/avr5\libm.a(divsf3.o)
                              obj\Debug\lcd.o (__divsf3)
d:/programme/avr-gcc-10.1.0-x64-windows/bin/../lib/gcc/avr/10.1.0/../../../../avr/lib/avr5\libm.a(divsf3x.o)
                              d:/programme/avr-gcc-10.1.0-x64-windows/bin/../lib/gcc/avr/10.1.0/../../../../avr/lib/avr5\libm.a(divsf3.o) (__divsf3x)
d:/programme/avr-gcc-10.1.0-x64-windows/bin/../lib/gcc/avr/10.1.0/../../../../avr/lib/avr5\libm.a(fixunssfsi.o)
                              obj\Debug\lcd.o (__fixunssfsi)
d:/programme/avr-gcc-10.1.0-x64-windows/bin/../lib/gcc/avr/10.1.0/../../../../avr/lib/avr5\libm.a(fp_cmp.o)
                              d:/programme/avr-gcc-10.1.0-x64-windows/bin/../lib/gcc/avr/10.1.0/../../../../avr/lib/avr5\libm.a(cmpsf2.o) (__fp_cmp)
d:/programme/avr-gcc-10.1.0-x64-windows/bin/../lib/gcc/avr/10.1.0/../../../../avr/lib/avr5\libm.a(fp_inf.o)
                              d:/programme/avr-gcc-10.1.0-x64-windows/bin/../lib/gcc/avr/10.1.0/../../../../avr/lib/avr5\libm.a(divsf3x.o) (__fp_inf)
d:/programme/avr-gcc-10.1.0-x64-windows/bin/../lib/gcc/avr/10.1.0/../../../../avr/lib/avr5\libm.a(fp_nan.o)
                              d:/programme/avr-gcc-10.1.0-x64-windows/bin/../lib/gcc/avr/10.1.0/../../../../avr/lib/avr5\libm.a(divsf3x.o) (__fp_nan)
d:/programme/avr-gcc-10.1.0-x64-windows/bin/../lib/gcc/avr/10.1.0/../../../../avr/lib/avr5\libm.a(fp_pscA.o)
                              d:/programme/avr-gcc-10.1.0-x64-windows/bin/../lib/gcc/avr/10.1.0/../../../../avr/lib/avr5\libm.a(divsf3x.o) (__fp_pscA)
d:/programme/avr-gcc-10.1.0-x64-windows/bin/../lib/gcc/avr/10.1.0/../../../../avr/lib/avr5\libm.a(fp_pscB.o)
                              d:/programme/avr-gcc-10.1.0-x64-windows/bin/../lib/gcc/avr/10.1.0/../../../../avr/lib/avr5\libm.a(divsf3x.o) (__fp_pscB)
d:/programme/avr-gcc-10.1.0-x64-windows/bin/../lib/gcc/avr/10.1.0/../../../../avr/lib/avr5\libm.a(fp_round.o)
                              d:/programme/avr-gcc-10.1.0-x64-windows/bin/../lib/gcc/avr/10.1.0/../../../../avr/lib/avr5\libm.a(divsf3.o) (__fp_round)
d:/programme/avr-gcc-10.1.0-x64-windows/bin/../lib/gcc/avr/10.1.0/../../../../avr/lib/avr5\libm.a(fp_split3.o)
                              d:/programme/avr-gcc-10.1.0-x64-windows/bin/../lib/gcc/avr/10.1.0/../../../../avr/lib/avr5\libm.a(divsf3x.o) (__fp_split3)
d:/programme/avr-gcc-10.1.0-x64-windows/bin/../lib/gcc/avr/10.1.0/../../../../avr/lib/avr5\libm.a(fp_zero.o)
                              d:/programme/avr-gcc-10.1.0-x64-windows/bin/../lib/gcc/avr/10.1.0/../../../../avr/lib/avr5\libm.a(fixunssfsi.o) (__fp_zero)
d:/programme/avr-gcc-10.1.0-x64-windows/bin/../lib/gcc/avr/10.1.0/../../../../avr/lib/avr5\libm.a(gesf2.o)
                              obj\Debug\lcd.o (__gtsf2)
d:/programme/avr-gcc-10.1.0-x64-windows/bin/../lib/gcc/avr/10.1.0/../../../../avr/lib/avr5\libm.a(mulsf3.o)
                              obj\Debug\lcd.o (__mulsf3)
d:/programme/avr-gcc-10.1.0-x64-windows/bin/../lib/gcc/avr/10.1.0/../../../../avr/lib/avr5\libm.a(mulsf3x.o)
                              d:/programme/avr-gcc-10.1.0-x64-windows/bin/../lib/gcc/avr/10.1.0/../../../../avr/lib/avr5\libm.a(mulsf3.o) (__mulsf3x)

Memory Configuration

Name             Origin             Length             Attributes
text             0x0000000000000000 0x0000000000020000 xr
data             0x0000000000800060 0x000000000000ffa0 rw !x
eeprom           0x0000000000810000 0x0000000000010000 rw !x
fuse             0x0000000000820000 0x0000000000000003 rw !x
lock             0x0000000000830000 0x0000000000000400 rw !x
signature        0x0000000000840000 0x0000000000000400 rw !x
user_signatures  0x0000000000850000 0x0000000000000400 rw !x
*default*        0x0000000000000000 0xffffffffffffffff

Linker script and memory map

Address of section .data set to 0x800100
LOAD d:/programme/avr-gcc-10.1.0-x64-windows/bin/../lib/gcc/avr/10.1.0/../../../../avr/lib/avr5/crtatmega328p.o
LOAD obj\Debug\fuse.o
LOAD obj\Debug\lcd.o
LOAD obj\Debug\main.o
START GROUP
LOAD d:/programme/avr-gcc-10.1.0-x64-windows/bin/../lib/gcc/avr/10.1.0/avr5\libgcc.a
LOAD d:/programme/avr-gcc-10.1.0-x64-windows/bin/../lib/gcc/avr/10.1.0/../../../../avr/lib/avr5\libm.a
LOAD d:/programme/avr-gcc-10.1.0-x64-windows/bin/../lib/gcc/avr/10.1.0/../../../../avr/lib/avr5\libc.a
LOAD d:/programme/avr-gcc-10.1.0-x64-windows/bin/../lib/gcc/avr/10.1.0/../../../../avr/lib/avr5\libatmega328p.a
END GROUP
                0x0000000000020000                __TEXT_REGION_LENGTH__ = DEFINED (__TEXT_REGION_LENGTH__)?__TEXT_REGION_LENGTH__:0x20000
                0x000000000000ffa0                __DATA_REGION_LENGTH__ = DEFINED (__DATA_REGION_LENGTH__)?__DATA_REGION_LENGTH__:0xffa0
                0x0000000000010000                __EEPROM_REGION_LENGTH__ = DEFINED (__EEPROM_REGION_LENGTH__)?__EEPROM_REGION_LENGTH__:0x10000
                [0x0000000000000003]                __FUSE_REGION_LENGTH__ = DEFINED (__FUSE_REGION_LENGTH__)?__FUSE_REGION_LENGTH__:0x400
                0x0000000000000400                __LOCK_REGION_LENGTH__ = DEFINED (__LOCK_REGION_LENGTH__)?__LOCK_REGION_LENGTH__:0x400
                0x0000000000000400                __SIGNATURE_REGION_LENGTH__ = DEFINED (__SIGNATURE_REGION_LENGTH__)?__SIGNATURE_REGION_LENGTH__:0x400
                0x0000000000000400                __USER_SIGNATURE_REGION_LENGTH__ = DEFINED (__USER_SIGNATURE_REGION_LENGTH__)?__USER_SIGNATURE_REGION_LENGTH__:0x400

.hash
 *(.hash)

.dynsym
 *(.dynsym)

.dynstr
 *(.dynstr)

.gnu.version
 *(.gnu.version)

.gnu.version_d
 *(.gnu.version_d)

.gnu.version_r
 *(.gnu.version_r)

.rel.init
 *(.rel.init)

.rela.init
 *(.rela.init)

.rel.text
 *(.rel.text)
 *(.rel.text.*)
 *(.rel.gnu.linkonce.t*)

.rela.text
 *(.rela.text)
 *(.rela.text.*)
 *(.rela.gnu.linkonce.t*)

.rel.fini
 *(.rel.fini)

.rela.fini
 *(.rela.fini)

.rel.rodata
 *(.rel.rodata)
 *(.rel.rodata.*)
 *(.rel.gnu.linkonce.r*)

.rela.rodata
 *(.rela.rodata)
 *(.rela.rodata.*)
 *(.rela.gnu.linkonce.r*)

.rel.data
 *(.rel.data)
 *(.rel.data.*)
 *(.rel.gnu.linkonce.d*)

.rela.data
 *(.rela.data)
 *(.rela.data.*)
 *(.rela.gnu.linkonce.d*)

.rel.ctors
 *(.rel.ctors)

.rela.ctors
 *(.rela.ctors)

.rel.dtors
 *(.rel.dtors)

.rela.dtors
 *(.rela.dtors)

.rel.got
 *(.rel.got)

.rela.got
 *(.rela.got)

.rel.bss
 *(.rel.bss)

.rela.bss
 *(.rela.bss)

.rel.plt
 *(.rel.plt)

.rela.plt
 *(.rela.plt)

.text           0x0000000000000000     0x2a4c
 *(.vectors)
 .vectors       0x0000000000000000       0x68 d:/programme/avr-gcc-10.1.0-x64-windows/bin/../lib/gcc/avr/10.1.0/../../../../avr/lib/avr5/crtatmega328p.o
                0x0000000000000000                __vector_default
                0x0000000000000000                __vectors
 *(.vectors)
 *(.progmem.gcc*)
                0x0000000000000068                . = ALIGN (0x2)
                0x0000000000000068                __trampolines_start = .
 *(.trampolines)
 .trampolines   0x0000000000000068        0x0 linker stubs
 *(.trampolines*)
                0x0000000000000068                __trampolines_end = .
 *libprintf_flt.a:*(.progmem.data)
 *libc.a:*(.progmem.data)
 *(.progmem.*)
                0x0000000000000068                . = ALIGN (0x2)
 *(.lowtext)
 *(.lowtext*)
                0x0000000000000068                __ctors_start = .
 *(.ctors)
                0x0000000000000068                __ctors_end = .
                0x0000000000000068                __dtors_start = .
 *(.dtors)
                0x0000000000000068                __dtors_end = .
 SORT_BY_NAME(*)(.ctors)
 SORT_BY_NAME(*)(.dtors)
 *(.init0)
 .init0         0x0000000000000068        0x0 d:/programme/avr-gcc-10.1.0-x64-windows/bin/../lib/gcc/avr/10.1.0/../../../../avr/lib/avr5/crtatmega328p.o
                0x0000000000000068                __init
 *(.init0)
 *(.init1)
 *(.init1)
 *(.init2)
 .init2         0x0000000000000068        0xc d:/programme/avr-gcc-10.1.0-x64-windows/bin/../lib/gcc/avr/10.1.0/../../../../avr/lib/avr5/crtatmega328p.o
 *(.init2)
 *(.init3)
 *(.init3)
 *(.init4)
 .init4         0x0000000000000074       0x16 d:/programme/avr-gcc-10.1.0-x64-windows/bin/../lib/gcc/avr/10.1.0/avr5\libgcc.a(_copy_data.o)
                0x0000000000000074                __do_copy_data
 *(.init4)
 *(.init5)
 *(.init5)
 *(.init6)
 *(.init6)
 *(.init7)
 *(.init7)
 *(.init8)
 *(.init8)
 *(.init9)
 .init9         0x000000000000008a        0x8 d:/programme/avr-gcc-10.1.0-x64-windows/bin/../lib/gcc/avr/10.1.0/../../../../avr/lib/avr5/crtatmega328p.o
 *(.init9)
 *(.text)
 .text          0x0000000000000092        0x4 d:/programme/avr-gcc-10.1.0-x64-windows/bin/../lib/gcc/avr/10.1.0/../../../../avr/lib/avr5/crtatmega328p.o
                0x0000000000000092                __vector_22
                0x0000000000000092                __vector_1
                0x0000000000000092                __vector_24
                0x0000000000000092                __vector_12
                0x0000000000000092                __bad_interrupt
                0x0000000000000092                __vector_6
                0x0000000000000092                __vector_3
                0x0000000000000092                __vector_23
                0x0000000000000092                __vector_25
                0x0000000000000092                __vector_11
                0x0000000000000092                __vector_13
                0x0000000000000092                __vector_17
                0x0000000000000092                __vector_19
                0x0000000000000092                __vector_7
                0x0000000000000092                __vector_5
                0x0000000000000092                __vector_4
                0x0000000000000092                __vector_9
                0x0000000000000092                __vector_2
                0x0000000000000092                __vector_21
                0x0000000000000092                __vector_15
                0x0000000000000092                __vector_8
                0x0000000000000092                __vector_14
                0x0000000000000092                __vector_10
                0x0000000000000092                __vector_16
                0x0000000000000092                __vector_18
                0x0000000000000092                __vector_20
 .text          0x0000000000000096        0x0 obj\Debug\fuse.o
 .text          0x0000000000000096     0x2678 obj\Debug\lcd.o
                0x00000000000011ec                lcd_command
                0x000000000000120e                lcd_data
                0x0000000000001230                lcd_gotoxy
                0x0000000000001262                lcd_getxy
                0x0000000000001278                lcd_clrscr
                0x000000000000128e                lcd_home
                0x00000000000012a4                lcd_putc
                0x00000000000012d8                lcd_puts
                0x0000000000001316                lcd_puts_p
                0x000000000000136c                lcd_init
 .text          0x000000000000270e       0x20 obj\Debug\main.o
                0x000000000000270e                main
 .text          0x000000000000272e        0x0 d:/programme/avr-gcc-10.1.0-x64-windows/bin/../lib/gcc/avr/10.1.0/avr5\libgcc.a(_exit.o)
 .text          0x000000000000272e        0x0 d:/programme/avr-gcc-10.1.0-x64-windows/bin/../lib/gcc/avr/10.1.0/avr5\libgcc.a(_copy_data.o)
 .text          0x000000000000272e        0x0 d:/programme/avr-gcc-10.1.0-x64-windows/bin/../lib/gcc/avr/10.1.0/../../../../avr/lib/avr5\libm.a(cmpsf2.o)
 .text          0x000000000000272e        0x0 d:/programme/avr-gcc-10.1.0-x64-windows/bin/../lib/gcc/avr/10.1.0/../../../../avr/lib/avr5\libm.a(divsf3.o)
 .text          0x000000000000272e        0x0 d:/programme/avr-gcc-10.1.0-x64-windows/bin/../lib/gcc/avr/10.1.0/../../../../avr/lib/avr5\libm.a(divsf3x.o)
 .text          0x000000000000272e        0x0 d:/programme/avr-gcc-10.1.0-x64-windows/bin/../lib/gcc/avr/10.1.0/../../../../avr/lib/avr5\libm.a(fixunssfsi.o)
 .text          0x000000000000272e        0x0 d:/programme/avr-gcc-10.1.0-x64-windows/bin/../lib/gcc/avr/10.1.0/../../../../avr/lib/avr5\libm.a(fp_cmp.o)
 .text          0x000000000000272e        0x0 d:/programme/avr-gcc-10.1.0-x64-windows/bin/../lib/gcc/avr/10.1.0/../../../../avr/lib/avr5\libm.a(fp_inf.o)
 .text          0x000000000000272e        0x0 d:/programme/avr-gcc-10.1.0-x64-windows/bin/../lib/gcc/avr/10.1.0/../../../../avr/lib/avr5\libm.a(fp_nan.o)
 .text          0x000000000000272e        0x0 d:/programme/avr-gcc-10.1.0-x64-windows/bin/../lib/gcc/avr/10.1.0/../../../../avr/lib/avr5\libm.a(fp_pscA.o)
 .text          0x000000000000272e        0x0 d:/programme/avr-gcc-10.1.0-x64-windows/bin/../lib/gcc/avr/10.1.0/../../../../avr/lib/avr5\libm.a(fp_pscB.o)
 .text          0x000000000000272e        0x0 d:/programme/avr-gcc-10.1.0-x64-windows/bin/../lib/gcc/avr/10.1.0/../../../../avr/lib/avr5\libm.a(fp_round.o)
 .text          0x000000000000272e        0x0 d:/programme/avr-gcc-10.1.0-x64-windows/bin/../lib/gcc/avr/10.1.0/../../../../avr/lib/avr5\libm.a(fp_split3.o)
 .text          0x000000000000272e        0x0 d:/programme/avr-gcc-10.1.0-x64-windows/bin/../lib/gcc/avr/10.1.0/../../../../avr/lib/avr5\libm.a(fp_zero.o)
 .text          0x000000000000272e        0x0 d:/programme/avr-gcc-10.1.0-x64-windows/bin/../lib/gcc/avr/10.1.0/../../../../avr/lib/avr5\libm.a(gesf2.o)
 .text          0x000000000000272e        0x0 d:/programme/avr-gcc-10.1.0-x64-windows/bin/../lib/gcc/avr/10.1.0/../../../../avr/lib/avr5\libm.a(mulsf3.o)
 .text          0x000000000000272e        0x0 d:/programme/avr-gcc-10.1.0-x64-windows/bin/../lib/gcc/avr/10.1.0/../../../../avr/lib/avr5\libm.a(mulsf3x.o)
                0x000000000000272e                . = ALIGN (0x2)
 *(.text.*)
 .text.libgcc.mul
                0x000000000000272e        0x0 d:/programme/avr-gcc-10.1.0-x64-windows/bin/../lib/gcc/avr/10.1.0/avr5\libgcc.a(_exit.o)
 .text.libgcc.div
                0x000000000000272e        0x0 d:/programme/avr-gcc-10.1.0-x64-windows/bin/../lib/gcc/avr/10.1.0/avr5\libgcc.a(_exit.o)
 .text.libgcc   0x000000000000272e        0x0 d:/programme/avr-gcc-10.1.0-x64-windows/bin/../lib/gcc/avr/10.1.0/avr5\libgcc.a(_exit.o)
 .text.libgcc.prologue
                0x000000000000272e        0x0 d:/programme/avr-gcc-10.1.0-x64-windows/bin/../lib/gcc/avr/10.1.0/avr5\libgcc.a(_exit.o)
 .text.libgcc.builtins
                0x000000000000272e        0x0 d:/programme/avr-gcc-10.1.0-x64-windows/bin/../lib/gcc/avr/10.1.0/avr5\libgcc.a(_exit.o)
 .text.libgcc.fmul
                0x000000000000272e        0x0 d:/programme/avr-gcc-10.1.0-x64-windows/bin/../lib/gcc/avr/10.1.0/avr5\libgcc.a(_exit.o)
 .text.libgcc.fixed
                0x000000000000272e        0x0 d:/programme/avr-gcc-10.1.0-x64-windows/bin/../lib/gcc/avr/10.1.0/avr5\libgcc.a(_exit.o)
 .text.libgcc.mul
                0x000000000000272e        0x0 d:/programme/avr-gcc-10.1.0-x64-windows/bin/../lib/gcc/avr/10.1.0/avr5\libgcc.a(_copy_data.o)
 .text.libgcc.div
                0x000000000000272e        0x0 d:/programme/avr-gcc-10.1.0-x64-windows/bin/../lib/gcc/avr/10.1.0/avr5\libgcc.a(_copy_data.o)
 .text.libgcc   0x000000000000272e        0x0 d:/programme/avr-gcc-10.1.0-x64-windows/bin/../lib/gcc/avr/10.1.0/avr5\libgcc.a(_copy_data.o)
 .text.libgcc.prologue
                0x000000000000272e        0x0 d:/programme/avr-gcc-10.1.0-x64-windows/bin/../lib/gcc/avr/10.1.0/avr5\libgcc.a(_copy_data.o)
 .text.libgcc.builtins
                0x000000000000272e        0x0 d:/programme/avr-gcc-10.1.0-x64-windows/bin/../lib/gcc/avr/10.1.0/avr5\libgcc.a(_copy_data.o)
 .text.libgcc.fmul
                0x000000000000272e        0x0 d:/programme/avr-gcc-10.1.0-x64-windows/bin/../lib/gcc/avr/10.1.0/avr5\libgcc.a(_copy_data.o)
 .text.libgcc.fixed
                0x000000000000272e        0x0 d:/programme/avr-gcc-10.1.0-x64-windows/bin/../lib/gcc/avr/10.1.0/avr5\libgcc.a(_copy_data.o)
 .text.avr-libc.fplib
                0x000000000000272e        0xa d:/programme/avr-gcc-10.1.0-x64-windows/bin/../lib/gcc/avr/10.1.0/../../../../avr/lib/avr5\libm.a(cmpsf2.o)
                0x000000000000272e                __nesf2
                0x000000000000272e                __eqsf2
                0x000000000000272e                __cmpsf2
                0x000000000000272e                __ltsf2
                0x000000000000272e                __lesf2
 .text.avr-libc.fplib
                0x0000000000002738        0x8 d:/programme/avr-gcc-10.1.0-x64-windows/bin/../lib/gcc/avr/10.1.0/../../../../avr/lib/avr5\libm.a(divsf3.o)
                0x0000000000002738                __divsf3
 .text.avr-libc.fplib
                0x0000000000002740       0xdc d:/programme/avr-gcc-10.1.0-x64-windows/bin/../lib/gcc/avr/10.1.0/../../../../avr/lib/avr5\libm.a(divsf3x.o)
                0x0000000000002760                __divsf3x
                0x0000000000002766                __divsf3_pse
 .text.avr-libc.fplib
                0x000000000000281c       0x5e d:/programme/avr-gcc-10.1.0-x64-windows/bin/../lib/gcc/avr/10.1.0/../../../../avr/lib/avr5\libm.a(fixunssfsi.o)
                0x000000000000281c                __fixunssfsi
 .text.avr-libc.fplib
                0x000000000000287a       0x48 d:/programme/avr-gcc-10.1.0-x64-windows/bin/../lib/gcc/avr/10.1.0/../../../../avr/lib/avr5\libm.a(fp_cmp.o)
                0x000000000000287a                __fp_cmp
 .text.avr-libc.fplib
                0x00000000000028c2        0xc d:/programme/avr-gcc-10.1.0-x64-windows/bin/../lib/gcc/avr/10.1.0/../../../../avr/lib/avr5\libm.a(fp_inf.o)
                0x00000000000028c2                __fp_inf
 .text.avr-libc.fplib
                0x00000000000028ce        0x6 d:/programme/avr-gcc-10.1.0-x64-windows/bin/../lib/gcc/avr/10.1.0/../../../../avr/lib/avr5\libm.a(fp_nan.o)
                0x00000000000028ce                __fp_nan
 .text.avr-libc.fplib
                0x00000000000028d4        0xe d:/programme/avr-gcc-10.1.0-x64-windows/bin/../lib/gcc/avr/10.1.0/../../../../avr/lib/avr5\libm.a(fp_pscA.o)
                0x00000000000028d4                __fp_pscA
 .text.avr-libc.fplib
                0x00000000000028e2        0xe d:/programme/avr-gcc-10.1.0-x64-windows/bin/../lib/gcc/avr/10.1.0/../../../../avr/lib/avr5\libm.a(fp_pscB.o)
                0x00000000000028e2                __fp_pscB
 .text.avr-libc.fplib
                0x00000000000028f0       0x22 d:/programme/avr-gcc-10.1.0-x64-windows/bin/../lib/gcc/avr/10.1.0/../../../../avr/lib/avr5\libm.a(fp_round.o)
                0x00000000000028f0                __fp_round
 .text.avr-libc.fplib
                0x0000000000002912       0x44 d:/programme/avr-gcc-10.1.0-x64-windows/bin/../lib/gcc/avr/10.1.0/../../../../avr/lib/avr5\libm.a(fp_split3.o)
                0x0000000000002912                __fp_split3
                0x0000000000002922                __fp_splitA
 .text.avr-libc.fplib
                0x0000000000002956        0xe d:/programme/avr-gcc-10.1.0-x64-windows/bin/../lib/gcc/avr/10.1.0/../../../../avr/lib/avr5\libm.a(fp_zero.o)
                0x0000000000002956                __fp_zero
                0x0000000000002958                __fp_szero
 .text.avr-libc.fplib
                0x0000000000002964        0xa d:/programme/avr-gcc-10.1.0-x64-windows/bin/../lib/gcc/avr/10.1.0/../../../../avr/lib/avr5\libm.a(gesf2.o)
                0x0000000000002964                __gesf2
                0x0000000000002964                __gtsf2
 .text.avr-libc.fplib
                0x000000000000296e        0x8 d:/programme/avr-gcc-10.1.0-x64-windows/bin/../lib/gcc/avr/10.1.0/../../../../avr/lib/avr5\libm.a(mulsf3.o)
                0x000000000000296e                __mulsf3
 .text.avr-libc.fplib
                0x0000000000002976       0xd2 d:/programme/avr-gcc-10.1.0-x64-windows/bin/../lib/gcc/avr/10.1.0/../../../../avr/lib/avr5\libm.a(mulsf3x.o)
                0x0000000000002994                __mulsf3x
                0x000000000000299a                __mulsf3_pse
                0x0000000000002a48                . = ALIGN (0x2)
 *(.fini9)
 .fini9         0x0000000000002a48        0x0 d:/programme/avr-gcc-10.1.0-x64-windows/bin/../lib/gcc/avr/10.1.0/avr5\libgcc.a(_exit.o)
                0x0000000000002a48                _exit
                0x0000000000002a48                exit
 *(.fini9)
 *(.fini8)
 *(.fini8)
 *(.fini7)
 *(.fini7)
 *(.fini6)
 *(.fini6)
 *(.fini5)
 *(.fini5)
 *(.fini4)
 *(.fini4)
 *(.fini3)
 *(.fini3)
 *(.fini2)
 *(.fini2)
 *(.fini1)
 *(.fini1)
 *(.fini0)
 .fini0         0x0000000000002a48        0x4 d:/programme/avr-gcc-10.1.0-x64-windows/bin/../lib/gcc/avr/10.1.0/avr5\libgcc.a(_exit.o)
 *(.fini0)
 *(.hightext)
 *(.hightext*)
 *(.progmemx.*)
                0x0000000000002a4c                . = ALIGN (0x2)
 *(.jumptables)
 *(.jumptables*)
                0x0000000000002a4c                _etext = .

.data           0x0000000000800100        0x2 load address 0x0000000000002a4c
                0x0000000000800100                PROVIDE (__data_start = .)
 *(.data)
 .data          0x0000000000800100        0x0 d:/programme/avr-gcc-10.1.0-x64-windows/bin/../lib/gcc/avr/10.1.0/../../../../avr/lib/avr5/crtatmega328p.o
 .data          0x0000000000800100        0x0 obj\Debug\fuse.o
 .data          0x0000000000800100        0x0 obj\Debug\lcd.o
 .data          0x0000000000800100        0x0 obj\Debug\main.o
 .data          0x0000000000800100        0x0 d:/programme/avr-gcc-10.1.0-x64-windows/bin/../lib/gcc/avr/10.1.0/avr5\libgcc.a(_exit.o)
 .data          0x0000000000800100        0x0 d:/programme/avr-gcc-10.1.0-x64-windows/bin/../lib/gcc/avr/10.1.0/avr5\libgcc.a(_copy_data.o)
 .data          0x0000000000800100        0x0 d:/programme/avr-gcc-10.1.0-x64-windows/bin/../lib/gcc/avr/10.1.0/../../../../avr/lib/avr5\libm.a(cmpsf2.o)
 .data          0x0000000000800100        0x0 d:/programme/avr-gcc-10.1.0-x64-windows/bin/../lib/gcc/avr/10.1.0/../../../../avr/lib/avr5\libm.a(divsf3.o)
 .data          0x0000000000800100        0x0 d:/programme/avr-gcc-10.1.0-x64-windows/bin/../lib/gcc/avr/10.1.0/../../../../avr/lib/avr5\libm.a(divsf3x.o)
 .data          0x0000000000800100        0x0 d:/programme/avr-gcc-10.1.0-x64-windows/bin/../lib/gcc/avr/10.1.0/../../../../avr/lib/avr5\libm.a(fixunssfsi.o)
 .data          0x0000000000800100        0x0 d:/programme/avr-gcc-10.1.0-x64-windows/bin/../lib/gcc/avr/10.1.0/../../../../avr/lib/avr5\libm.a(fp_cmp.o)
 .data          0x0000000000800100        0x0 d:/programme/avr-gcc-10.1.0-x64-windows/bin/../lib/gcc/avr/10.1.0/../../../../avr/lib/avr5\libm.a(fp_inf.o)
 .data          0x0000000000800100        0x0 d:/programme/avr-gcc-10.1.0-x64-windows/bin/../lib/gcc/avr/10.1.0/../../../../avr/lib/avr5\libm.a(fp_nan.o)
 .data          0x0000000000800100        0x0 d:/programme/avr-gcc-10.1.0-x64-windows/bin/../lib/gcc/avr/10.1.0/../../../../avr/lib/avr5\libm.a(fp_pscA.o)
 .data          0x0000000000800100        0x0 d:/programme/avr-gcc-10.1.0-x64-windows/bin/../lib/gcc/avr/10.1.0/../../../../avr/lib/avr5\libm.a(fp_pscB.o)
 .data          0x0000000000800100        0x0 d:/programme/avr-gcc-10.1.0-x64-windows/bin/../lib/gcc/avr/10.1.0/../../../../avr/lib/avr5\libm.a(fp_round.o)
 .data          0x0000000000800100        0x0 d:/programme/avr-gcc-10.1.0-x64-windows/bin/../lib/gcc/avr/10.1.0/../../../../avr/lib/avr5\libm.a(fp_split3.o)
 .data          0x0000000000800100        0x0 d:/programme/avr-gcc-10.1.0-x64-windows/bin/../lib/gcc/avr/10.1.0/../../../../avr/lib/avr5\libm.a(fp_zero.o)
 .data          0x0000000000800100        0x0 d:/programme/avr-gcc-10.1.0-x64-windows/bin/../lib/gcc/avr/10.1.0/../../../../avr/lib/avr5\libm.a(gesf2.o)
 .data          0x0000000000800100        0x0 d:/programme/avr-gcc-10.1.0-x64-windows/bin/../lib/gcc/avr/10.1.0/../../../../avr/lib/avr5\libm.a(mulsf3.o)
 .data          0x0000000000800100        0x0 d:/programme/avr-gcc-10.1.0-x64-windows/bin/../lib/gcc/avr/10.1.0/../../../../avr/lib/avr5\libm.a(mulsf3x.o)
 *(.data*)
 *(.gnu.linkonce.d*)
 *(.rodata)
 .rodata        0x0000000000800100        0x2 obj\Debug\main.o
 *(.rodata*)
 *(.gnu.linkonce.r*)
                0x0000000000800102                . = ALIGN (0x2)
                0x0000000000800102                _edata = .
                0x0000000000800102                PROVIDE (__data_end = .)

.bss            0x0000000000800102        0x0
                [!provide]                        PROVIDE (__bss_start = .)
 *(.bss)
 .bss           0x0000000000800102        0x0 d:/programme/avr-gcc-10.1.0-x64-windows/bin/../lib/gcc/avr/10.1.0/../../../../avr/lib/avr5/crtatmega328p.o
 .bss           0x0000000000800102        0x0 obj\Debug\fuse.o
 .bss           0x0000000000800102        0x0 obj\Debug\lcd.o
 .bss           0x0000000000800102        0x0 obj\Debug\main.o
 .bss           0x0000000000800102        0x0 d:/programme/avr-gcc-10.1.0-x64-windows/bin/../lib/gcc/avr/10.1.0/avr5\libgcc.a(_exit.o)
 .bss           0x0000000000800102        0x0 d:/programme/avr-gcc-10.1.0-x64-windows/bin/../lib/gcc/avr/10.1.0/avr5\libgcc.a(_copy_data.o)
 .bss           0x0000000000800102        0x0 d:/programme/avr-gcc-10.1.0-x64-windows/bin/../lib/gcc/avr/10.1.0/../../../../avr/lib/avr5\libm.a(cmpsf2.o)
 .bss           0x0000000000800102        0x0 d:/programme/avr-gcc-10.1.0-x64-windows/bin/../lib/gcc/avr/10.1.0/../../../../avr/lib/avr5\libm.a(divsf3.o)
 .bss           0x0000000000800102        0x0 d:/programme/avr-gcc-10.1.0-x64-windows/bin/../lib/gcc/avr/10.1.0/../../../../avr/lib/avr5\libm.a(divsf3x.o)
 .bss           0x0000000000800102        0x0 d:/programme/avr-gcc-10.1.0-x64-windows/bin/../lib/gcc/avr/10.1.0/../../../../avr/lib/avr5\libm.a(fixunssfsi.o)
 .bss           0x0000000000800102        0x0 d:/programme/avr-gcc-10.1.0-x64-windows/bin/../lib/gcc/avr/10.1.0/../../../../avr/lib/avr5\libm.a(fp_cmp.o)
 .bss           0x0000000000800102        0x0 d:/programme/avr-gcc-10.1.0-x64-windows/bin/../lib/gcc/avr/10.1.0/../../../../avr/lib/avr5\libm.a(fp_inf.o)
 .bss           0x0000000000800102        0x0 d:/programme/avr-gcc-10.1.0-x64-windows/bin/../lib/gcc/avr/10.1.0/../../../../avr/lib/avr5\libm.a(fp_nan.o)
 .bss           0x0000000000800102        0x0 d:/programme/avr-gcc-10.1.0-x64-windows/bin/../lib/gcc/avr/10.1.0/../../../../avr/lib/avr5\libm.a(fp_pscA.o)
 .bss           0x0000000000800102        0x0 d:/programme/avr-gcc-10.1.0-x64-windows/bin/../lib/gcc/avr/10.1.0/../../../../avr/lib/avr5\libm.a(fp_pscB.o)
 .bss           0x0000000000800102        0x0 d:/programme/avr-gcc-10.1.0-x64-windows/bin/../lib/gcc/avr/10.1.0/../../../../avr/lib/avr5\libm.a(fp_round.o)
 .bss           0x0000000000800102        0x0 d:/programme/avr-gcc-10.1.0-x64-windows/bin/../lib/gcc/avr/10.1.0/../../../../avr/lib/avr5\libm.a(fp_split3.o)
 .bss           0x0000000000800102        0x0 d:/programme/avr-gcc-10.1.0-x64-windows/bin/../lib/gcc/avr/10.1.0/../../../../avr/lib/avr5\libm.a(fp_zero.o)
 .bss           0x0000000000800102        0x0 d:/programme/avr-gcc-10.1.0-x64-windows/bin/../lib/gcc/avr/10.1.0/../../../../avr/lib/avr5\libm.a(gesf2.o)
 .bss           0x0000000000800102        0x0 d:/programme/avr-gcc-10.1.0-x64-windows/bin/../lib/gcc/avr/10.1.0/../../../../avr/lib/avr5\libm.a(mulsf3.o)
 .bss           0x0000000000800102        0x0 d:/programme/avr-gcc-10.1.0-x64-windows/bin/../lib/gcc/avr/10.1.0/../../../../avr/lib/avr5\libm.a(mulsf3x.o)
 *(.bss*)
 *(COMMON)
                [!provide]                        PROVIDE (__bss_end = .)
                0x0000000000002a4c                __data_load_start = LOADADDR (.data)
                0x0000000000002a4e                __data_load_end = (__data_load_start + SIZEOF (.data))

.noinit         0x0000000000800102        0x0
                [!provide]                        PROVIDE (__noinit_start = .)
 *(.noinit*)
                [!provide]                        PROVIDE (__noinit_end = .)
                0x0000000000800102                _end = .
                [!provide]                        PROVIDE (__heap_start = .)

.eeprom         0x0000000000810000        0x0
 *(.eeprom*)
                0x0000000000810000                __eeprom_end = .

.fuse           0x0000000000820000        0x3
 *(.fuse)
 .fuse          0x0000000000820000        0x3 obj\Debug\fuse.o
                0x0000000000820000                __fuse
 *(.lfuse)
 *(.hfuse)
 *(.efuse)

.lock
 *(.lock*)

.signature
 *(.signature*)

.stab
 *(.stab)

.stabstr
 *(.stabstr)

.stab.excl
 *(.stab.excl)

.stab.exclstr
 *(.stab.exclstr)

.stab.index
 *(.stab.index)

.stab.indexstr
 *(.stab.indexstr)

.comment        0x0000000000000000       0x12
 *(.comment)
 .comment       0x0000000000000000       0x12 obj\Debug\lcd.o
                                         0x13 (size before relaxing)
 .comment       0x0000000000000012       0x13 obj\Debug\main.o

.note.gnu.avr.deviceinfo
                0x0000000000000000       0x40
 .note.gnu.avr.deviceinfo
                0x0000000000000000       0x40 d:/programme/avr-gcc-10.1.0-x64-windows/bin/../lib/gcc/avr/10.1.0/../../../../avr/lib/avr5/crtatmega328p.o

.note.gnu.build-id
 *(.note.gnu.build-id)

.debug
 *(.debug)

.line
 *(.line)

.debug_srcinfo
 *(.debug_srcinfo)

.debug_sfnames
 *(.debug_sfnames)

.debug_aranges  0x0000000000000000       0x80
 *(.debug_aranges)
 .debug_aranges
                0x0000000000000000       0x20 obj\Debug\lcd.o
 .debug_aranges
                0x0000000000000020       0x20 obj\Debug\main.o
 .debug_aranges
                0x0000000000000040       0x20 d:/programme/avr-gcc-10.1.0-x64-windows/bin/../lib/gcc/avr/10.1.0/avr5\libgcc.a(_exit.o)
 .debug_aranges
                0x0000000000000060       0x20 d:/programme/avr-gcc-10.1.0-x64-windows/bin/../lib/gcc/avr/10.1.0/avr5\libgcc.a(_copy_data.o)

.debug_pubnames
                0x0000000000000000       0x1d
 *(.debug_pubnames)
 .debug_pubnames
                0x0000000000000000       0x1d obj\Debug\fuse.o

.debug_info     0x0000000000000000     0x1477
 *(.debug_info .gnu.linkonce.wi.*)
 .debug_info    0x0000000000000000      0x5f4 d:/programme/avr-gcc-10.1.0-x64-windows/bin/../lib/gcc/avr/10.1.0/../../../../avr/lib/avr5/crtatmega328p.o
 .debug_info    0x00000000000005f4       0xae obj\Debug\fuse.o
 .debug_info    0x00000000000006a2      0xd15 obj\Debug\lcd.o
 .debug_info    0x00000000000013b7       0x74 obj\Debug\main.o
 .debug_info    0x000000000000142b       0x26 d:/programme/avr-gcc-10.1.0-x64-windows/bin/../lib/gcc/avr/10.1.0/avr5\libgcc.a(_exit.o)
 .debug_info    0x0000000000001451       0x26 d:/programme/avr-gcc-10.1.0-x64-windows/bin/../lib/gcc/avr/10.1.0/avr5\libgcc.a(_copy_data.o)

.debug_abbrev   0x0000000000000000      0x8c7
 *(.debug_abbrev)
 .debug_abbrev  0x0000000000000000      0x5a2 d:/programme/avr-gcc-10.1.0-x64-windows/bin/../lib/gcc/avr/10.1.0/../../../../avr/lib/avr5/crtatmega328p.o
 .debug_abbrev  0x00000000000005a2       0x73 obj\Debug\fuse.o
 .debug_abbrev  0x0000000000000615      0x244 obj\Debug\lcd.o
 .debug_abbrev  0x0000000000000859       0x46 obj\Debug\main.o
 .debug_abbrev  0x000000000000089f       0x14 d:/programme/avr-gcc-10.1.0-x64-windows/bin/../lib/gcc/avr/10.1.0/avr5\libgcc.a(_exit.o)
 .debug_abbrev  0x00000000000008b3       0x14 d:/programme/avr-gcc-10.1.0-x64-windows/bin/../lib/gcc/avr/10.1.0/avr5\libgcc.a(_copy_data.o)

.debug_line     0x0000000000000000     0x105a
 *(.debug_line .debug_line.* .debug_line_end)
 .debug_line    0x0000000000000000       0x1d d:/programme/avr-gcc-10.1.0-x64-windows/bin/../lib/gcc/avr/10.1.0/../../../../avr/lib/avr5/crtatmega328p.o
 .debug_line    0x000000000000001d       0x84 obj\Debug\fuse.o
 .debug_line    0x00000000000000a1      0xe5c obj\Debug\lcd.o
 .debug_line    0x0000000000000efd       0x65 obj\Debug\main.o
 .debug_line    0x0000000000000f62       0x61 d:/programme/avr-gcc-10.1.0-x64-windows/bin/../lib/gcc/avr/10.1.0/avr5\libgcc.a(_exit.o)
 .debug_line    0x0000000000000fc3       0x97 d:/programme/avr-gcc-10.1.0-x64-windows/bin/../lib/gcc/avr/10.1.0/avr5\libgcc.a(_copy_data.o)

.debug_frame    0x0000000000000000      0x260
 *(.debug_frame)
 .debug_frame   0x0000000000000000      0x22c obj\Debug\lcd.o
 .debug_frame   0x000000000000022c       0x34 obj\Debug\main.o

.debug_str      0x0000000000000000      0x499
 *(.debug_str)
 .debug_str     0x0000000000000000      0x20b d:/programme/avr-gcc-10.1.0-x64-windows/bin/../lib/gcc/avr/10.1.0/../../../../avr/lib/avr5/crtatmega328p.o
 .debug_str     0x000000000000020b       0x84 obj\Debug\fuse.o
                                         0xb8 (size before relaxing)
 .debug_str     0x000000000000028f      0x19f obj\Debug\lcd.o
                                        0x230 (size before relaxing)
 .debug_str     0x000000000000042e        0xc obj\Debug\main.o
                                         0xe7 (size before relaxing)
 .debug_str     0x000000000000043a       0x5f d:/programme/avr-gcc-10.1.0-x64-windows/bin/../lib/gcc/avr/10.1.0/avr5\libgcc.a(_exit.o)
 .debug_str     0x0000000000000499       0x5f d:/programme/avr-gcc-10.1.0-x64-windows/bin/../lib/gcc/avr/10.1.0/avr5\libgcc.a(_copy_data.o)

.debug_loc
 *(.debug_loc)

.debug_macinfo
 *(.debug_macinfo)

.debug_weaknames
 *(.debug_weaknames)

.debug_funcnames
 *(.debug_funcnames)

.debug_typenames
 *(.debug_typenames)

.debug_varnames
 *(.debug_varnames)

.debug_pubtypes
 *(.debug_pubtypes)

.debug_ranges
 *(.debug_ranges)

.debug_macro
 *(.debug_macro)

.debug_addr
 *(.debug_addr)
OUTPUT(bin\Debug\LCDTest2.elf elf32-avr)
LOAD linker stubs

Cross Reference Table

Symbol                                            File
__FUSE_REGION_LENGTH__                            d:/programme/avr-gcc-10.1.0-x64-windows/bin/../lib/gcc/avr/10.1.0/../../../../avr/lib/avr5/crtatmega328p.o
__bad_interrupt                                   d:/programme/avr-gcc-10.1.0-x64-windows/bin/../lib/gcc/avr/10.1.0/../../../../avr/lib/avr5/crtatmega328p.o
__cmpsf2                                          d:/programme/avr-gcc-10.1.0-x64-windows/bin/../lib/gcc/avr/10.1.0/../../../../avr/lib/avr5\libm.a(cmpsf2.o)
__data_end                                        d:/programme/avr-gcc-10.1.0-x64-windows/bin/../lib/gcc/avr/10.1.0/avr5\libgcc.a(_copy_data.o)
__data_load_start                                 d:/programme/avr-gcc-10.1.0-x64-windows/bin/../lib/gcc/avr/10.1.0/avr5\libgcc.a(_copy_data.o)
__data_start                                      d:/programme/avr-gcc-10.1.0-x64-windows/bin/../lib/gcc/avr/10.1.0/avr5\libgcc.a(_copy_data.o)
__divsf3                                          d:/programme/avr-gcc-10.1.0-x64-windows/bin/../lib/gcc/avr/10.1.0/../../../../avr/lib/avr5\libm.a(divsf3.o)
                                                  obj\Debug\lcd.o
__divsf3_pse                                      d:/programme/avr-gcc-10.1.0-x64-windows/bin/../lib/gcc/avr/10.1.0/../../../../avr/lib/avr5\libm.a(divsf3x.o)
__divsf3x                                         d:/programme/avr-gcc-10.1.0-x64-windows/bin/../lib/gcc/avr/10.1.0/../../../../avr/lib/avr5\libm.a(divsf3x.o)
                                                  d:/programme/avr-gcc-10.1.0-x64-windows/bin/../lib/gcc/avr/10.1.0/../../../../avr/lib/avr5\libm.a(divsf3.o)
__do_copy_data                                    d:/programme/avr-gcc-10.1.0-x64-windows/bin/../lib/gcc/avr/10.1.0/avr5\libgcc.a(_copy_data.o)
                                                  obj\Debug\main.o
__eqsf2                                           d:/programme/avr-gcc-10.1.0-x64-windows/bin/../lib/gcc/avr/10.1.0/../../../../avr/lib/avr5\libm.a(cmpsf2.o)
__fixunssfsi                                      d:/programme/avr-gcc-10.1.0-x64-windows/bin/../lib/gcc/avr/10.1.0/../../../../avr/lib/avr5\libm.a(fixunssfsi.o)
                                                  obj\Debug\lcd.o
__fp_cmp                                          d:/programme/avr-gcc-10.1.0-x64-windows/bin/../lib/gcc/avr/10.1.0/../../../../avr/lib/avr5\libm.a(fp_cmp.o)
                                                  d:/programme/avr-gcc-10.1.0-x64-windows/bin/../lib/gcc/avr/10.1.0/../../../../avr/lib/avr5\libm.a(gesf2.o)
                                                  d:/programme/avr-gcc-10.1.0-x64-windows/bin/../lib/gcc/avr/10.1.0/../../../../avr/lib/avr5\libm.a(cmpsf2.o)
__fp_inf                                          d:/programme/avr-gcc-10.1.0-x64-windows/bin/../lib/gcc/avr/10.1.0/../../../../avr/lib/avr5\libm.a(fp_inf.o)
                                                  d:/programme/avr-gcc-10.1.0-x64-windows/bin/../lib/gcc/avr/10.1.0/../../../../avr/lib/avr5\libm.a(mulsf3x.o)
                                                  d:/programme/avr-gcc-10.1.0-x64-windows/bin/../lib/gcc/avr/10.1.0/../../../../avr/lib/avr5\libm.a(divsf3x.o)
__fp_nan                                          d:/programme/avr-gcc-10.1.0-x64-windows/bin/../lib/gcc/avr/10.1.0/../../../../avr/lib/avr5\libm.a(fp_nan.o)
                                                  d:/programme/avr-gcc-10.1.0-x64-windows/bin/../lib/gcc/avr/10.1.0/../../../../avr/lib/avr5\libm.a(mulsf3x.o)
                                                  d:/programme/avr-gcc-10.1.0-x64-windows/bin/../lib/gcc/avr/10.1.0/../../../../avr/lib/avr5\libm.a(divsf3x.o)
__fp_pscA                                         d:/programme/avr-gcc-10.1.0-x64-windows/bin/../lib/gcc/avr/10.1.0/../../../../avr/lib/avr5\libm.a(fp_pscA.o)
                                                  d:/programme/avr-gcc-10.1.0-x64-windows/bin/../lib/gcc/avr/10.1.0/../../../../avr/lib/avr5\libm.a(mulsf3x.o)
                                                  d:/programme/avr-gcc-10.1.0-x64-windows/bin/../lib/gcc/avr/10.1.0/../../../../avr/lib/avr5\libm.a(divsf3x.o)
__fp_pscB                                         d:/programme/avr-gcc-10.1.0-x64-windows/bin/../lib/gcc/avr/10.1.0/../../../../avr/lib/avr5\libm.a(fp_pscB.o)
                                                  d:/programme/avr-gcc-10.1.0-x64-windows/bin/../lib/gcc/avr/10.1.0/../../../../avr/lib/avr5\libm.a(mulsf3x.o)
                                                  d:/programme/avr-gcc-10.1.0-x64-windows/bin/../lib/gcc/avr/10.1.0/../../../../avr/lib/avr5\libm.a(divsf3x.o)
__fp_round                                        d:/programme/avr-gcc-10.1.0-x64-windows/bin/../lib/gcc/avr/10.1.0/../../../../avr/lib/avr5\libm.a(fp_round.o)
                                                  d:/programme/avr-gcc-10.1.0-x64-windows/bin/../lib/gcc/avr/10.1.0/../../../../avr/lib/avr5\libm.a(mulsf3.o)
                                                  d:/programme/avr-gcc-10.1.0-x64-windows/bin/../lib/gcc/avr/10.1.0/../../../../avr/lib/avr5\libm.a(divsf3.o)
__fp_split3                                       d:/programme/avr-gcc-10.1.0-x64-windows/bin/../lib/gcc/avr/10.1.0/../../../../avr/lib/avr5\libm.a(fp_split3.o)
                                                  d:/programme/avr-gcc-10.1.0-x64-windows/bin/../lib/gcc/avr/10.1.0/../../../../avr/lib/avr5\libm.a(mulsf3x.o)
                                                  d:/programme/avr-gcc-10.1.0-x64-windows/bin/../lib/gcc/avr/10.1.0/../../../../avr/lib/avr5\libm.a(divsf3x.o)
__fp_splitA                                       d:/programme/avr-gcc-10.1.0-x64-windows/bin/../lib/gcc/avr/10.1.0/../../../../avr/lib/avr5\libm.a(fp_split3.o)
                                                  d:/programme/avr-gcc-10.1.0-x64-windows/bin/../lib/gcc/avr/10.1.0/../../../../avr/lib/avr5\libm.a(fixunssfsi.o)
__fp_szero                                        d:/programme/avr-gcc-10.1.0-x64-windows/bin/../lib/gcc/avr/10.1.0/../../../../avr/lib/avr5\libm.a(fp_zero.o)
                                                  d:/programme/avr-gcc-10.1.0-x64-windows/bin/../lib/gcc/avr/10.1.0/../../../../avr/lib/avr5\libm.a(mulsf3x.o)
                                                  d:/programme/avr-gcc-10.1.0-x64-windows/bin/../lib/gcc/avr/10.1.0/../../../../avr/lib/avr5\libm.a(divsf3x.o)
__fp_zero                                         d:/programme/avr-gcc-10.1.0-x64-windows/bin/../lib/gcc/avr/10.1.0/../../../../avr/lib/avr5\libm.a(fp_zero.o)
                                                  d:/programme/avr-gcc-10.1.0-x64-windows/bin/../lib/gcc/avr/10.1.0/../../../../avr/lib/avr5\libm.a(fixunssfsi.o)
__fuse                                            obj\Debug\fuse.o
__gesf2                                           d:/programme/avr-gcc-10.1.0-x64-windows/bin/../lib/gcc/avr/10.1.0/../../../../avr/lib/avr5\libm.a(gesf2.o)
__gtsf2                                           d:/programme/avr-gcc-10.1.0-x64-windows/bin/../lib/gcc/avr/10.1.0/../../../../avr/lib/avr5\libm.a(gesf2.o)
                                                  obj\Debug\lcd.o
__heap_end                                        d:/programme/avr-gcc-10.1.0-x64-windows/bin/../lib/gcc/avr/10.1.0/../../../../avr/lib/avr5/crtatmega328p.o
__init                                            d:/programme/avr-gcc-10.1.0-x64-windows/bin/../lib/gcc/avr/10.1.0/../../../../avr/lib/avr5/crtatmega328p.o
__lesf2                                           d:/programme/avr-gcc-10.1.0-x64-windows/bin/../lib/gcc/avr/10.1.0/../../../../avr/lib/avr5\libm.a(cmpsf2.o)
__ltsf2                                           d:/programme/avr-gcc-10.1.0-x64-windows/bin/../lib/gcc/avr/10.1.0/../../../../avr/lib/avr5\libm.a(cmpsf2.o)
                                                  obj\Debug\lcd.o
__mulsf3                                          d:/programme/avr-gcc-10.1.0-x64-windows/bin/../lib/gcc/avr/10.1.0/../../../../avr/lib/avr5\libm.a(mulsf3.o)
                                                  obj\Debug\lcd.o
__mulsf3_pse                                      d:/programme/avr-gcc-10.1.0-x64-windows/bin/../lib/gcc/avr/10.1.0/../../../../avr/lib/avr5\libm.a(mulsf3x.o)
__mulsf3x                                         d:/programme/avr-gcc-10.1.0-x64-windows/bin/../lib/gcc/avr/10.1.0/../../../../avr/lib/avr5\libm.a(mulsf3x.o)
                                                  d:/programme/avr-gcc-10.1.0-x64-windows/bin/../lib/gcc/avr/10.1.0/../../../../avr/lib/avr5\libm.a(mulsf3.o)
__nesf2                                           d:/programme/avr-gcc-10.1.0-x64-windows/bin/../lib/gcc/avr/10.1.0/../../../../avr/lib/avr5\libm.a(cmpsf2.o)
__stack                                           d:/programme/avr-gcc-10.1.0-x64-windows/bin/../lib/gcc/avr/10.1.0/../../../../avr/lib/avr5/crtatmega328p.o
__vector_1                                        d:/programme/avr-gcc-10.1.0-x64-windows/bin/../lib/gcc/avr/10.1.0/../../../../avr/lib/avr5/crtatmega328p.o
__vector_10                                       d:/programme/avr-gcc-10.1.0-x64-windows/bin/../lib/gcc/avr/10.1.0/../../../../avr/lib/avr5/crtatmega328p.o
__vector_11                                       d:/programme/avr-gcc-10.1.0-x64-windows/bin/../lib/gcc/avr/10.1.0/../../../../avr/lib/avr5/crtatmega328p.o
__vector_12                                       d:/programme/avr-gcc-10.1.0-x64-windows/bin/../lib/gcc/avr/10.1.0/../../../../avr/lib/avr5/crtatmega328p.o
__vector_13                                       d:/programme/avr-gcc-10.1.0-x64-windows/bin/../lib/gcc/avr/10.1.0/../../../../avr/lib/avr5/crtatmega328p.o
__vector_14                                       d:/programme/avr-gcc-10.1.0-x64-windows/bin/../lib/gcc/avr/10.1.0/../../../../avr/lib/avr5/crtatmega328p.o
__vector_15                                       d:/programme/avr-gcc-10.1.0-x64-windows/bin/../lib/gcc/avr/10.1.0/../../../../avr/lib/avr5/crtatmega328p.o
__vector_16                                       d:/programme/avr-gcc-10.1.0-x64-windows/bin/../lib/gcc/avr/10.1.0/../../../../avr/lib/avr5/crtatmega328p.o
__vector_17                                       d:/programme/avr-gcc-10.1.0-x64-windows/bin/../lib/gcc/avr/10.1.0/../../../../avr/lib/avr5/crtatmega328p.o
__vector_18                                       d:/programme/avr-gcc-10.1.0-x64-windows/bin/../lib/gcc/avr/10.1.0/../../../../avr/lib/avr5/crtatmega328p.o
__vector_19                                       d:/programme/avr-gcc-10.1.0-x64-windows/bin/../lib/gcc/avr/10.1.0/../../../../avr/lib/avr5/crtatmega328p.o
__vector_2                                        d:/programme/avr-gcc-10.1.0-x64-windows/bin/../lib/gcc/avr/10.1.0/../../../../avr/lib/avr5/crtatmega328p.o
__vector_20                                       d:/programme/avr-gcc-10.1.0-x64-windows/bin/../lib/gcc/avr/10.1.0/../../../../avr/lib/avr5/crtatmega328p.o
__vector_21                                       d:/programme/avr-gcc-10.1.0-x64-windows/bin/../lib/gcc/avr/10.1.0/../../../../avr/lib/avr5/crtatmega328p.o
__vector_22                                       d:/programme/avr-gcc-10.1.0-x64-windows/bin/../lib/gcc/avr/10.1.0/../../../../avr/lib/avr5/crtatmega328p.o
__vector_23                                       d:/programme/avr-gcc-10.1.0-x64-windows/bin/../lib/gcc/avr/10.1.0/../../../../avr/lib/avr5/crtatmega328p.o
__vector_24                                       d:/programme/avr-gcc-10.1.0-x64-windows/bin/../lib/gcc/avr/10.1.0/../../../../avr/lib/avr5/crtatmega328p.o
__vector_25                                       d:/programme/avr-gcc-10.1.0-x64-windows/bin/../lib/gcc/avr/10.1.0/../../../../avr/lib/avr5/crtatmega328p.o
__vector_3                                        d:/programme/avr-gcc-10.1.0-x64-windows/bin/../lib/gcc/avr/10.1.0/../../../../avr/lib/avr5/crtatmega328p.o
__vector_4                                        d:/programme/avr-gcc-10.1.0-x64-windows/bin/../lib/gcc/avr/10.1.0/../../../../avr/lib/avr5/crtatmega328p.o
__vector_5                                        d:/programme/avr-gcc-10.1.0-x64-windows/bin/../lib/gcc/avr/10.1.0/../../../../avr/lib/avr5/crtatmega328p.o
__vector_6                                        d:/programme/avr-gcc-10.1.0-x64-windows/bin/../lib/gcc/avr/10.1.0/../../../../avr/lib/avr5/crtatmega328p.o
__vector_7                                        d:/programme/avr-gcc-10.1.0-x64-windows/bin/../lib/gcc/avr/10.1.0/../../../../avr/lib/avr5/crtatmega328p.o
__vector_8                                        d:/programme/avr-gcc-10.1.0-x64-windows/bin/../lib/gcc/avr/10.1.0/../../../../avr/lib/avr5/crtatmega328p.o
__vector_9                                        d:/programme/avr-gcc-10.1.0-x64-windows/bin/../lib/gcc/avr/10.1.0/../../../../avr/lib/avr5/crtatmega328p.o
__vector_default                                  d:/programme/avr-gcc-10.1.0-x64-windows/bin/../lib/gcc/avr/10.1.0/../../../../avr/lib/avr5/crtatmega328p.o
__vectors                                         d:/programme/avr-gcc-10.1.0-x64-windows/bin/../lib/gcc/avr/10.1.0/../../../../avr/lib/avr5/crtatmega328p.o
_exit                                             d:/programme/avr-gcc-10.1.0-x64-windows/bin/../lib/gcc/avr/10.1.0/avr5\libgcc.a(_exit.o)
exit                                              d:/programme/avr-gcc-10.1.0-x64-windows/bin/../lib/gcc/avr/10.1.0/avr5\libgcc.a(_exit.o)
                                                  d:/programme/avr-gcc-10.1.0-x64-windows/bin/../lib/gcc/avr/10.1.0/../../../../avr/lib/avr5/crtatmega328p.o
lcd_clrscr                                        obj\Debug\lcd.o
                                                  obj\Debug\main.o
lcd_command                                       obj\Debug\lcd.o
lcd_data                                          obj\Debug\lcd.o
lcd_getxy                                         obj\Debug\lcd.o
lcd_gotoxy                                        obj\Debug\lcd.o
lcd_home                                          obj\Debug\lcd.o
lcd_init                                          obj\Debug\lcd.o
                                                  obj\Debug\main.o
lcd_putc                                          obj\Debug\lcd.o
lcd_puts                                          obj\Debug\lcd.o
                                                  obj\Debug\main.o
lcd_puts_p                                        obj\Debug\lcd.o
main                                              obj\Debug\main.o
                                                  d:/programme/avr-gcc-10.1.0-x64-windows/bin/../lib/gcc/avr/10.1.0/../../../../avr/lib/avr5/crtatmega328p.o
