Archive member included because of file (symbol)

d:/programme/winavr/bin/../lib/gcc/avr/4.3.3/avr5\libgcc.a(_mulsi3.o)
                              obj\Debug\main.o (__mulsi3)
d:/programme/winavr/bin/../lib/gcc/avr/4.3.3/avr5\libgcc.a(_udivmodhi4.o)
                              obj\Debug\main.o (__udivmodhi4)
d:/programme/winavr/bin/../lib/gcc/avr/4.3.3/avr5\libgcc.a(_udivmodsi4.o)
                              obj\Debug\main.o (__udivmodsi4)
d:/programme/winavr/bin/../lib/gcc/avr/4.3.3/avr5\libgcc.a(_exit.o)
                              d:/programme/winavr/bin/../lib/gcc/avr/4.3.3/../../../../avr/lib/avr5/crtm328p.o (exit)
d:/programme/winavr/bin/../lib/gcc/avr/4.3.3/avr5\libgcc.a(_copy_data.o)
                              obj\Debug\main.o (__do_copy_data)
d:/programme/winavr/bin/../lib/gcc/avr/4.3.3/avr5\libgcc.a(_clear_bss.o)
                              obj\Debug\main.o (__do_clear_bss)
d:/programme/winavr/bin/../lib/gcc/avr/4.3.3/../../../../avr/lib/avr5\libc.a(strcmp.o)
                              obj\Debug\main.o (strcmp)

Allocating common symbols
Common symbol       size              file

spgs                0xa               obj\Debug\main.o
input               0xa               obj\Debug\main.o

Memory Configuration

Name             Origin             Length             Attributes
text             0x00000000         0x00020000         xr
data             0x00800060         0x0000ffa0         rw !x
eeprom           0x00810000         0x00010000         rw !x
fuse             0x00820000         0x00000400         rw !x
lock             0x00830000         0x00000400         rw !x
signature        0x00840000         0x00000400         rw !x
*default*        0x00000000         0xffffffff

Linker script and memory map

Address of section .data set to 0x800100
LOAD d:/programme/winavr/bin/../lib/gcc/avr/4.3.3/../../../../avr/lib/avr5/crtm328p.o
LOAD obj\Debug\fuse.o
LOAD obj\Debug\main.o
LOAD d:/programme/winavr/bin/../lib/gcc/avr/4.3.3/avr5\libgcc.a
LOAD d:/programme/winavr/bin/../lib/gcc/avr/4.3.3/../../../../avr/lib/avr5\libc.a
LOAD d:/programme/winavr/bin/../lib/gcc/avr/4.3.3/avr5\libgcc.a

.hash
 *(.hash)

.dynsym
 *(.dynsym)

.dynstr
 *(.dynstr)

.gnu.version
 *(.gnu.version)

.gnu.version_d
 *(.gnu.version_d)

.gnu.version_r
 *(.gnu.version_r)

.rel.init
 *(.rel.init)

.rela.init
 *(.rela.init)

.rel.text
 *(.rel.text)
 *(.rel.text.*)
 *(.rel.gnu.linkonce.t*)

.rela.text
 *(.rela.text)
 *(.rela.text.*)
 *(.rela.gnu.linkonce.t*)

.rel.fini
 *(.rel.fini)

.rela.fini
 *(.rela.fini)

.rel.rodata
 *(.rel.rodata)
 *(.rel.rodata.*)
 *(.rel.gnu.linkonce.r*)

.rela.rodata
 *(.rela.rodata)
 *(.rela.rodata.*)
 *(.rela.gnu.linkonce.r*)

.rel.data
 *(.rel.data)
 *(.rel.data.*)
 *(.rel.gnu.linkonce.d*)

.rela.data
 *(.rela.data)
 *(.rela.data.*)
 *(.rela.gnu.linkonce.d*)

.rel.ctors
 *(.rel.ctors)

.rela.ctors
 *(.rela.ctors)

.rel.dtors
 *(.rel.dtors)

.rela.dtors
 *(.rela.dtors)

.rel.got
 *(.rel.got)

.rela.got
 *(.rela.got)

.rel.bss
 *(.rel.bss)

.rela.bss
 *(.rela.bss)

.rel.plt
 *(.rel.plt)

.rela.plt
 *(.rela.plt)

.text           0x00000000      0x63c
 *(.vectors)
 .vectors       0x00000000       0x68 d:/programme/winavr/bin/../lib/gcc/avr/4.3.3/../../../../avr/lib/avr5/crtm328p.o
                0x00000000                __vectors
                0x00000000                __vector_default
 *(.vectors)
 *(.progmem.gcc*)
 *(.progmem*)
                0x00000068                . = ALIGN (0x2)
                0x00000068                __trampolines_start = .
 *(.trampolines)
 .trampolines   0x00000068        0x0 linker stubs
 *(.trampolines*)
                0x00000068                __trampolines_end = .
 *(.jumptables)
 *(.jumptables*)
 *(.lowtext)
 *(.lowtext*)
                0x00000068                __ctors_start = .
 *(.ctors)
                0x00000068                __ctors_end = .
                0x00000068                __dtors_start = .
 *(.dtors)
                0x00000068                __dtors_end = .
 SORT(*)(.ctors)
 SORT(*)(.dtors)
 *(.init0)
 .init0         0x00000068        0x0 d:/programme/winavr/bin/../lib/gcc/avr/4.3.3/../../../../avr/lib/avr5/crtm328p.o
                0x00000068                __init
 *(.init0)
 *(.init1)
 *(.init1)
 *(.init2)
 .init2         0x00000068        0xc d:/programme/winavr/bin/../lib/gcc/avr/4.3.3/../../../../avr/lib/avr5/crtm328p.o
 *(.init2)
 *(.init3)
 *(.init3)
 *(.init4)
 .init4         0x00000074       0x16 d:/programme/winavr/bin/../lib/gcc/avr/4.3.3/avr5\libgcc.a(_copy_data.o)
                0x00000074                __do_copy_data
 .init4         0x0000008a       0x10 d:/programme/winavr/bin/../lib/gcc/avr/4.3.3/avr5\libgcc.a(_clear_bss.o)
                0x0000008a                __do_clear_bss
 *(.init4)
 *(.init5)
 *(.init5)
 *(.init6)
 *(.init6)
 *(.init7)
 *(.init7)
 *(.init8)
 *(.init8)
 *(.init9)
 .init9         0x0000009a        0x8 d:/programme/winavr/bin/../lib/gcc/avr/4.3.3/../../../../avr/lib/avr5/crtm328p.o
 *(.init9)
 *(.text)
 .text          0x000000a2        0x4 d:/programme/winavr/bin/../lib/gcc/avr/4.3.3/../../../../avr/lib/avr5/crtm328p.o
                0x000000a2                __vector_22
                0x000000a2                __vector_1
                0x000000a2                __vector_24
                0x000000a2                __vector_12
                0x000000a2                __bad_interrupt
                0x000000a2                __vector_6
                0x000000a2                __vector_3
                0x000000a2                __vector_23
                0x000000a2                __vector_25
                0x000000a2                __vector_13
                0x000000a2                __vector_17
                0x000000a2                __vector_19
                0x000000a2                __vector_7
                0x000000a2                __vector_5
                0x000000a2                __vector_4
                0x000000a2                __vector_9
                0x000000a2                __vector_2
                0x000000a2                __vector_21
                0x000000a2                __vector_15
                0x000000a2                __vector_8
                0x000000a2                __vector_14
                0x000000a2                __vector_10
                0x000000a2                __vector_16
                0x000000a2                __vector_20
 .text          0x000000a6        0x0 obj\Debug\fuse.o
 .text          0x000000a6      0x4d6 obj\Debug\main.o
                0x00000136                _putch
                0x00000164                _puts
                0x000001dc                _gets
                0x0000024c                itoa8
                0x00000442                __vector_11
                0x00000232                _newline
                0x000001be                _getch
                0x000004dc                main
                0x00000300                delay
                0x0000037c                __vector_18
                0x000000a6                init_usart
 .text          0x0000057c        0x0 d:/programme/winavr/bin/../lib/gcc/avr/4.3.3/avr5\libgcc.a(_mulsi3.o)
 .text          0x0000057c        0x0 d:/programme/winavr/bin/../lib/gcc/avr/4.3.3/avr5\libgcc.a(_udivmodhi4.o)
 .text          0x0000057c        0x0 d:/programme/winavr/bin/../lib/gcc/avr/4.3.3/avr5\libgcc.a(_udivmodsi4.o)
 .text          0x0000057c        0x0 d:/programme/winavr/bin/../lib/gcc/avr/4.3.3/avr5\libgcc.a(_exit.o)
 .text          0x0000057c        0x0 d:/programme/winavr/bin/../lib/gcc/avr/4.3.3/avr5\libgcc.a(_copy_data.o)
 .text          0x0000057c        0x0 d:/programme/winavr/bin/../lib/gcc/avr/4.3.3/avr5\libgcc.a(_clear_bss.o)
 .text          0x0000057c        0x0 d:/programme/winavr/bin/../lib/gcc/avr/4.3.3/../../../../avr/lib/avr5\libc.a(strcmp.o)
                0x0000057c                . = ALIGN (0x2)
 *(.text.*)
 .text.libgcc   0x0000057c       0x3e d:/programme/winavr/bin/../lib/gcc/avr/4.3.3/avr5\libgcc.a(_mulsi3.o)
                0x0000057c                __mulsi3
 .text.libgcc   0x000005ba       0x28 d:/programme/winavr/bin/../lib/gcc/avr/4.3.3/avr5\libgcc.a(_udivmodhi4.o)
                0x000005ba                __udivmodhi4
 .text.libgcc   0x000005e2       0x44 d:/programme/winavr/bin/../lib/gcc/avr/4.3.3/avr5\libgcc.a(_udivmodsi4.o)
                0x000005e2                __udivmodsi4
 .text.libgcc   0x00000626        0x0 d:/programme/winavr/bin/../lib/gcc/avr/4.3.3/avr5\libgcc.a(_exit.o)
 .text.libgcc   0x00000626        0x0 d:/programme/winavr/bin/../lib/gcc/avr/4.3.3/avr5\libgcc.a(_copy_data.o)
 .text.libgcc   0x00000626        0x0 d:/programme/winavr/bin/../lib/gcc/avr/4.3.3/avr5\libgcc.a(_clear_bss.o)
 .text.avr-libc
                0x00000626       0x12 d:/programme/winavr/bin/../lib/gcc/avr/4.3.3/../../../../avr/lib/avr5\libc.a(strcmp.o)
                0x00000626                strcmp
                0x00000638                . = ALIGN (0x2)
 *(.fini9)
 .fini9         0x00000638        0x0 d:/programme/winavr/bin/../lib/gcc/avr/4.3.3/avr5\libgcc.a(_exit.o)
                0x00000638                exit
                0x00000638                _exit
 *(.fini9)
 *(.fini8)
 *(.fini8)
 *(.fini7)
 *(.fini7)
 *(.fini6)
 *(.fini6)
 *(.fini5)
 *(.fini5)
 *(.fini4)
 *(.fini4)
 *(.fini3)
 *(.fini3)
 *(.fini2)
 *(.fini2)
 *(.fini1)
 *(.fini1)
 *(.fini0)
 .fini0         0x00000638        0x4 d:/programme/winavr/bin/../lib/gcc/avr/4.3.3/avr5\libgcc.a(_exit.o)
 *(.fini0)
                0x0000063c                _etext = .

.data           0x00800100        0xe load address 0x0000063c
                0x00800100                PROVIDE (__data_start, .)
 *(.data)
 .data          0x00800100        0x0 d:/programme/winavr/bin/../lib/gcc/avr/4.3.3/../../../../avr/lib/avr5/crtm328p.o
 .data          0x00800100        0x0 obj\Debug\fuse.o
 .data          0x00800100        0xe obj\Debug\main.o
 .data          0x0080010e        0x0 d:/programme/winavr/bin/../lib/gcc/avr/4.3.3/avr5\libgcc.a(_mulsi3.o)
 .data          0x0080010e        0x0 d:/programme/winavr/bin/../lib/gcc/avr/4.3.3/avr5\libgcc.a(_udivmodhi4.o)
 .data          0x0080010e        0x0 d:/programme/winavr/bin/../lib/gcc/avr/4.3.3/avr5\libgcc.a(_udivmodsi4.o)
 .data          0x0080010e        0x0 d:/programme/winavr/bin/../lib/gcc/avr/4.3.3/avr5\libgcc.a(_exit.o)
 .data          0x0080010e        0x0 d:/programme/winavr/bin/../lib/gcc/avr/4.3.3/avr5\libgcc.a(_copy_data.o)
 .data          0x0080010e        0x0 d:/programme/winavr/bin/../lib/gcc/avr/4.3.3/avr5\libgcc.a(_clear_bss.o)
 .data          0x0080010e        0x0 d:/programme/winavr/bin/../lib/gcc/avr/4.3.3/../../../../avr/lib/avr5\libc.a(strcmp.o)
 *(.data*)
 *(.rodata)
 *(.rodata*)
 *(.gnu.linkonce.d*)
                0x0080010e                . = ALIGN (0x2)
                0x0080010e                _edata = .
                0x0080010e                PROVIDE (__data_end, .)

.bss            0x0080010e       0x15
                0x0080010e                PROVIDE (__bss_start, .)
 *(.bss)
 .bss           0x0080010e        0x0 d:/programme/winavr/bin/../lib/gcc/avr/4.3.3/../../../../avr/lib/avr5/crtm328p.o
 .bss           0x0080010e        0x0 obj\Debug\fuse.o
 .bss           0x0080010e        0x1 obj\Debug\main.o
                0x0080010e                send
 .bss           0x0080010f        0x0 d:/programme/winavr/bin/../lib/gcc/avr/4.3.3/avr5\libgcc.a(_mulsi3.o)
 .bss           0x0080010f        0x0 d:/programme/winavr/bin/../lib/gcc/avr/4.3.3/avr5\libgcc.a(_udivmodhi4.o)
 .bss           0x0080010f        0x0 d:/programme/winavr/bin/../lib/gcc/avr/4.3.3/avr5\libgcc.a(_udivmodsi4.o)
 .bss           0x0080010f        0x0 d:/programme/winavr/bin/../lib/gcc/avr/4.3.3/avr5\libgcc.a(_exit.o)
 .bss           0x0080010f        0x0 d:/programme/winavr/bin/../lib/gcc/avr/4.3.3/avr5\libgcc.a(_copy_data.o)
 .bss           0x0080010f        0x0 d:/programme/winavr/bin/../lib/gcc/avr/4.3.3/avr5\libgcc.a(_clear_bss.o)
 .bss           0x0080010f        0x0 d:/programme/winavr/bin/../lib/gcc/avr/4.3.3/../../../../avr/lib/avr5\libc.a(strcmp.o)
 *(.bss*)
 *(COMMON)
 COMMON         0x0080010f       0x14 obj\Debug\main.o
                0x0080010f                spgs
                0x00800119                input
                0x00800123                PROVIDE (__bss_end, .)
                0x0000063c                __data_load_start = LOADADDR (.data)
                0x0000064a                __data_load_end = (__data_load_start + SIZEOF (.data))

.noinit         0x00800123        0x0
                0x00800123                PROVIDE (__noinit_start, .)
 *(.noinit*)
                0x00800123                PROVIDE (__noinit_end, .)
                0x00800123                _end = .
                0x00800123                PROVIDE (__heap_start, .)

.eeprom         0x00810000        0x0
 *(.eeprom*)
                0x00810000                __eeprom_end = .

.fuse           0x00820000        0x3
 *(.fuse)
 .fuse          0x00820000        0x3 obj\Debug\fuse.o
                0x00820000                __fuse
 *(.lfuse)
 *(.hfuse)
 *(.efuse)

.lock
 *(.lock*)

.signature
 *(.signature*)

.stab
 *(.stab)

.stabstr
 *(.stabstr)

.stab.excl
 *(.stab.excl)

.stab.exclstr
 *(.stab.exclstr)

.stab.index
 *(.stab.index)

.stab.indexstr
 *(.stab.indexstr)

.comment
 *(.comment)

.debug
 *(.debug)

.line
 *(.line)

.debug_srcinfo
 *(.debug_srcinfo)

.debug_sfnames
 *(.debug_sfnames)

.debug_aranges  0x00000000       0x20
 *(.debug_aranges)
 .debug_aranges
                0x00000000       0x20 obj\Debug\main.o

.debug_pubnames
                0x00000000       0xce
 *(.debug_pubnames)
 .debug_pubnames
                0x00000000       0x1d obj\Debug\fuse.o
 .debug_pubnames
                0x0000001d       0xb1 obj\Debug\main.o

.debug_info     0x00000000      0x314
 *(.debug_info)
 .debug_info    0x00000000       0xae obj\Debug\fuse.o
 .debug_info    0x000000ae      0x266 obj\Debug\main.o
 *(.gnu.linkonce.wi.*)

.debug_abbrev   0x00000000      0x15c
 *(.debug_abbrev)
 .debug_abbrev  0x00000000       0x73 obj\Debug\fuse.o
 .debug_abbrev  0x00000073       0xe9 obj\Debug\main.o

.debug_line     0x00000000      0x39f
 *(.debug_line)
 .debug_line    0x00000000       0x84 obj\Debug\fuse.o
 .debug_line    0x00000084      0x31b obj\Debug\main.o

.debug_frame    0x00000000       0xc0
 *(.debug_frame)
 .debug_frame   0x00000000       0xc0 obj\Debug\main.o

.debug_str      0x00000000      0x11d
 *(.debug_str)
 .debug_str     0x00000000       0x83 obj\Debug\fuse.o
                                 0xb7 (size before relaxing)
 .debug_str     0x00000083       0x9a obj\Debug\main.o
                                0x131 (size before relaxing)

.debug_loc
 *(.debug_loc)

.debug_macinfo
 *(.debug_macinfo)
OUTPUT(bin\Debug\CTCmode.elf elf32-avr)
LOAD linker stubs

Cross Reference Table

Symbol                                            File
__bad_interrupt                                   d:/programme/winavr/bin/../lib/gcc/avr/4.3.3/../../../../avr/lib/avr5/crtm328p.o
__bss_end                                         d:/programme/winavr/bin/../lib/gcc/avr/4.3.3/avr5\libgcc.a(_clear_bss.o)
__bss_start                                       d:/programme/winavr/bin/../lib/gcc/avr/4.3.3/avr5\libgcc.a(_clear_bss.o)
__data_end                                        d:/programme/winavr/bin/../lib/gcc/avr/4.3.3/avr5\libgcc.a(_copy_data.o)
__data_load_start                                 d:/programme/winavr/bin/../lib/gcc/avr/4.3.3/avr5\libgcc.a(_copy_data.o)
__data_start                                      d:/programme/winavr/bin/../lib/gcc/avr/4.3.3/avr5\libgcc.a(_copy_data.o)
__do_clear_bss                                    d:/programme/winavr/bin/../lib/gcc/avr/4.3.3/avr5\libgcc.a(_clear_bss.o)
                                                  obj\Debug\main.o
__do_copy_data                                    d:/programme/winavr/bin/../lib/gcc/avr/4.3.3/avr5\libgcc.a(_copy_data.o)
                                                  obj\Debug\main.o
__fuse                                            obj\Debug\fuse.o
__heap_end                                        d:/programme/winavr/bin/../lib/gcc/avr/4.3.3/../../../../avr/lib/avr5/crtm328p.o
__init                                            d:/programme/winavr/bin/../lib/gcc/avr/4.3.3/../../../../avr/lib/avr5/crtm328p.o
__mulsi3                                          d:/programme/winavr/bin/../lib/gcc/avr/4.3.3/avr5\libgcc.a(_mulsi3.o)
                                                  obj\Debug\main.o
__stack                                           d:/programme/winavr/bin/../lib/gcc/avr/4.3.3/../../../../avr/lib/avr5/crtm328p.o
__udivmodhi4                                      d:/programme/winavr/bin/../lib/gcc/avr/4.3.3/avr5\libgcc.a(_udivmodhi4.o)
                                                  obj\Debug\main.o
__udivmodsi4                                      d:/programme/winavr/bin/../lib/gcc/avr/4.3.3/avr5\libgcc.a(_udivmodsi4.o)
                                                  obj\Debug\main.o
__vector_1                                        d:/programme/winavr/bin/../lib/gcc/avr/4.3.3/../../../../avr/lib/avr5/crtm328p.o
__vector_10                                       d:/programme/winavr/bin/../lib/gcc/avr/4.3.3/../../../../avr/lib/avr5/crtm328p.o
__vector_11                                       obj\Debug\main.o
                                                  d:/programme/winavr/bin/../lib/gcc/avr/4.3.3/../../../../avr/lib/avr5/crtm328p.o
__vector_12                                       d:/programme/winavr/bin/../lib/gcc/avr/4.3.3/../../../../avr/lib/avr5/crtm328p.o
__vector_13                                       d:/programme/winavr/bin/../lib/gcc/avr/4.3.3/../../../../avr/lib/avr5/crtm328p.o
__vector_14                                       d:/programme/winavr/bin/../lib/gcc/avr/4.3.3/../../../../avr/lib/avr5/crtm328p.o
__vector_15                                       d:/programme/winavr/bin/../lib/gcc/avr/4.3.3/../../../../avr/lib/avr5/crtm328p.o
__vector_16                                       d:/programme/winavr/bin/../lib/gcc/avr/4.3.3/../../../../avr/lib/avr5/crtm328p.o
__vector_17                                       d:/programme/winavr/bin/../lib/gcc/avr/4.3.3/../../../../avr/lib/avr5/crtm328p.o
__vector_18                                       obj\Debug\main.o
                                                  d:/programme/winavr/bin/../lib/gcc/avr/4.3.3/../../../../avr/lib/avr5/crtm328p.o
__vector_19                                       d:/programme/winavr/bin/../lib/gcc/avr/4.3.3/../../../../avr/lib/avr5/crtm328p.o
__vector_2                                        d:/programme/winavr/bin/../lib/gcc/avr/4.3.3/../../../../avr/lib/avr5/crtm328p.o
__vector_20                                       d:/programme/winavr/bin/../lib/gcc/avr/4.3.3/../../../../avr/lib/avr5/crtm328p.o
__vector_21                                       d:/programme/winavr/bin/../lib/gcc/avr/4.3.3/../../../../avr/lib/avr5/crtm328p.o
__vector_22                                       d:/programme/winavr/bin/../lib/gcc/avr/4.3.3/../../../../avr/lib/avr5/crtm328p.o
__vector_23                                       d:/programme/winavr/bin/../lib/gcc/avr/4.3.3/../../../../avr/lib/avr5/crtm328p.o
__vector_24                                       d:/programme/winavr/bin/../lib/gcc/avr/4.3.3/../../../../avr/lib/avr5/crtm328p.o
__vector_25                                       d:/programme/winavr/bin/../lib/gcc/avr/4.3.3/../../../../avr/lib/avr5/crtm328p.o
__vector_3                                        d:/programme/winavr/bin/../lib/gcc/avr/4.3.3/../../../../avr/lib/avr5/crtm328p.o
__vector_4                                        d:/programme/winavr/bin/../lib/gcc/avr/4.3.3/../../../../avr/lib/avr5/crtm328p.o
__vector_5                                        d:/programme/winavr/bin/../lib/gcc/avr/4.3.3/../../../../avr/lib/avr5/crtm328p.o
__vector_6                                        d:/programme/winavr/bin/../lib/gcc/avr/4.3.3/../../../../avr/lib/avr5/crtm328p.o
__vector_7                                        d:/programme/winavr/bin/../lib/gcc/avr/4.3.3/../../../../avr/lib/avr5/crtm328p.o
__vector_8                                        d:/programme/winavr/bin/../lib/gcc/avr/4.3.3/../../../../avr/lib/avr5/crtm328p.o
__vector_9                                        d:/programme/winavr/bin/../lib/gcc/avr/4.3.3/../../../../avr/lib/avr5/crtm328p.o
__vector_default                                  d:/programme/winavr/bin/../lib/gcc/avr/4.3.3/../../../../avr/lib/avr5/crtm328p.o
__vectors                                         d:/programme/winavr/bin/../lib/gcc/avr/4.3.3/../../../../avr/lib/avr5/crtm328p.o
_exit                                             d:/programme/winavr/bin/../lib/gcc/avr/4.3.3/avr5\libgcc.a(_exit.o)
_getch                                            obj\Debug\main.o
_gets                                             obj\Debug\main.o
_newline                                          obj\Debug\main.o
_putch                                            obj\Debug\main.o
_puts                                             obj\Debug\main.o
delay                                             obj\Debug\main.o
exit                                              d:/programme/winavr/bin/../lib/gcc/avr/4.3.3/avr5\libgcc.a(_exit.o)
                                                  d:/programme/winavr/bin/../lib/gcc/avr/4.3.3/../../../../avr/lib/avr5/crtm328p.o
init_usart                                        obj\Debug\main.o
input                                             obj\Debug\main.o
itoa8                                             obj\Debug\main.o
main                                              obj\Debug\main.o
                                                  d:/programme/winavr/bin/../lib/gcc/avr/4.3.3/../../../../avr/lib/avr5/crtm328p.o
send                                              obj\Debug\main.o
spgs                                              obj\Debug\main.o
strcmp                                            d:/programme/winavr/bin/../lib/gcc/avr/4.3.3/../../../../avr/lib/avr5\libc.a(strcmp.o)
                                                  obj\Debug\main.o
