Archive member included to satisfy reference by file (symbol)

d:/programme/avr-gcc-10.1.0-x64-windows/bin/../lib/gcc/avr/10.1.0/avr5\libgcc.a(_udivmodhi4.o)
                              obj\Release\main.o (__udivmodhi4)
d:/programme/avr-gcc-10.1.0-x64-windows/bin/../lib/gcc/avr/10.1.0/avr5\libgcc.a(_udivmodsi4.o)
                              obj\Release\main.o (__udivmodsi4)
d:/programme/avr-gcc-10.1.0-x64-windows/bin/../lib/gcc/avr/10.1.0/avr5\libgcc.a(_exit.o)
                              d:/programme/avr-gcc-10.1.0-x64-windows/bin/../lib/gcc/avr/10.1.0/../../../../avr/lib/avr5/crtatmega328p.o (exit)
d:/programme/avr-gcc-10.1.0-x64-windows/bin/../lib/gcc/avr/10.1.0/avr5\libgcc.a(_copy_data.o)
                              obj\Release\main.o (__do_copy_data)
d:/programme/avr-gcc-10.1.0-x64-windows/bin/../lib/gcc/avr/10.1.0/avr5\libgcc.a(_clear_bss.o)
                              obj\Release\main.o (__do_clear_bss)
d:/programme/avr-gcc-10.1.0-x64-windows/bin/../lib/gcc/avr/10.1.0/../../../../avr/lib/avr5\libc.a(strcat.o)
                              obj\Release\main.o (strcat)

Memory Configuration

Name             Origin             Length             Attributes
text             0x0000000000000000 0x0000000000020000 xr
data             0x0000000000800060 0x000000000000ffa0 rw !x
eeprom           0x0000000000810000 0x0000000000010000 rw !x
fuse             0x0000000000820000 0x0000000000000003 rw !x
lock             0x0000000000830000 0x0000000000000400 rw !x
signature        0x0000000000840000 0x0000000000000400 rw !x
user_signatures  0x0000000000850000 0x0000000000000400 rw !x
*default*        0x0000000000000000 0xffffffffffffffff

Linker script and memory map

Address of section .data set to 0x800100
LOAD d:/programme/avr-gcc-10.1.0-x64-windows/bin/../lib/gcc/avr/10.1.0/../../../../avr/lib/avr5/crtatmega328p.o
LOAD obj\Release\fuse.o
LOAD obj\Release\lcd.o
LOAD obj\Release\main.o
START GROUP
LOAD d:/programme/avr-gcc-10.1.0-x64-windows/bin/../lib/gcc/avr/10.1.0/avr5\libgcc.a
LOAD d:/programme/avr-gcc-10.1.0-x64-windows/bin/../lib/gcc/avr/10.1.0/../../../../avr/lib/avr5\libm.a
LOAD d:/programme/avr-gcc-10.1.0-x64-windows/bin/../lib/gcc/avr/10.1.0/../../../../avr/lib/avr5\libc.a
LOAD d:/programme/avr-gcc-10.1.0-x64-windows/bin/../lib/gcc/avr/10.1.0/../../../../avr/lib/avr5\libatmega328p.a
END GROUP
                0x0000000000020000                __TEXT_REGION_LENGTH__ = DEFINED (__TEXT_REGION_LENGTH__)?__TEXT_REGION_LENGTH__:0x20000
                0x000000000000ffa0                __DATA_REGION_LENGTH__ = DEFINED (__DATA_REGION_LENGTH__)?__DATA_REGION_LENGTH__:0xffa0
                0x0000000000010000                __EEPROM_REGION_LENGTH__ = DEFINED (__EEPROM_REGION_LENGTH__)?__EEPROM_REGION_LENGTH__:0x10000
                [0x0000000000000003]                __FUSE_REGION_LENGTH__ = DEFINED (__FUSE_REGION_LENGTH__)?__FUSE_REGION_LENGTH__:0x400
                0x0000000000000400                __LOCK_REGION_LENGTH__ = DEFINED (__LOCK_REGION_LENGTH__)?__LOCK_REGION_LENGTH__:0x400
                0x0000000000000400                __SIGNATURE_REGION_LENGTH__ = DEFINED (__SIGNATURE_REGION_LENGTH__)?__SIGNATURE_REGION_LENGTH__:0x400
                0x0000000000000400                __USER_SIGNATURE_REGION_LENGTH__ = DEFINED (__USER_SIGNATURE_REGION_LENGTH__)?__USER_SIGNATURE_REGION_LENGTH__:0x400

.hash
 *(.hash)

.dynsym
 *(.dynsym)

.dynstr
 *(.dynstr)

.gnu.version
 *(.gnu.version)

.gnu.version_d
 *(.gnu.version_d)

.gnu.version_r
 *(.gnu.version_r)

.rel.init
 *(.rel.init)

.rela.init
 *(.rela.init)

.rel.text
 *(.rel.text)
 *(.rel.text.*)
 *(.rel.gnu.linkonce.t*)

.rela.text
 *(.rela.text)
 *(.rela.text.*)
 *(.rela.gnu.linkonce.t*)

.rel.fini
 *(.rel.fini)

.rela.fini
 *(.rela.fini)

.rel.rodata
 *(.rel.rodata)
 *(.rel.rodata.*)
 *(.rel.gnu.linkonce.r*)

.rela.rodata
 *(.rela.rodata)
 *(.rela.rodata.*)
 *(.rela.gnu.linkonce.r*)

.rel.data
 *(.rel.data)
 *(.rel.data.*)
 *(.rel.gnu.linkonce.d*)

.rela.data
 *(.rela.data)
 *(.rela.data.*)
 *(.rela.gnu.linkonce.d*)

.rel.ctors
 *(.rel.ctors)

.rela.ctors
 *(.rela.ctors)

.rel.dtors
 *(.rel.dtors)

.rela.dtors
 *(.rela.dtors)

.rel.got
 *(.rel.got)

.rela.got
 *(.rela.got)

.rel.bss
 *(.rel.bss)

.rela.bss
 *(.rela.bss)

.rel.plt
 *(.rel.plt)

.rela.plt
 *(.rela.plt)

.text           0x0000000000000000      0x5e0
 *(.vectors)
 .vectors       0x0000000000000000       0x68 d:/programme/avr-gcc-10.1.0-x64-windows/bin/../lib/gcc/avr/10.1.0/../../../../avr/lib/avr5/crtatmega328p.o
                0x0000000000000000                __vector_default
                0x0000000000000000                __vectors
 *(.vectors)
 *(.progmem.gcc*)
                0x0000000000000068                . = ALIGN (0x2)
                0x0000000000000068                __trampolines_start = .
 *(.trampolines)
 .trampolines   0x0000000000000068        0x0 linker stubs
 *(.trampolines*)
                0x0000000000000068                __trampolines_end = .
 *libprintf_flt.a:*(.progmem.data)
 *libc.a:*(.progmem.data)
 *(.progmem.*)
                0x0000000000000068                . = ALIGN (0x2)
 *(.lowtext)
 *(.lowtext*)
                0x0000000000000068                __ctors_start = .
 *(.ctors)
                0x0000000000000068                __ctors_end = .
                0x0000000000000068                __dtors_start = .
 *(.dtors)
                0x0000000000000068                __dtors_end = .
 SORT_BY_NAME(*)(.ctors)
 SORT_BY_NAME(*)(.dtors)
 *(.init0)
 .init0         0x0000000000000068        0x0 d:/programme/avr-gcc-10.1.0-x64-windows/bin/../lib/gcc/avr/10.1.0/../../../../avr/lib/avr5/crtatmega328p.o
                0x0000000000000068                __init
 *(.init0)
 *(.init1)
 *(.init1)
 *(.init2)
 .init2         0x0000000000000068        0xc d:/programme/avr-gcc-10.1.0-x64-windows/bin/../lib/gcc/avr/10.1.0/../../../../avr/lib/avr5/crtatmega328p.o
 *(.init2)
 *(.init3)
 *(.init3)
 *(.init4)
 .init4         0x0000000000000074       0x16 d:/programme/avr-gcc-10.1.0-x64-windows/bin/../lib/gcc/avr/10.1.0/avr5\libgcc.a(_copy_data.o)
                0x0000000000000074                __do_copy_data
 .init4         0x000000000000008a       0x10 d:/programme/avr-gcc-10.1.0-x64-windows/bin/../lib/gcc/avr/10.1.0/avr5\libgcc.a(_clear_bss.o)
                0x000000000000008a                __do_clear_bss
 *(.init4)
 *(.init5)
 *(.init5)
 *(.init6)
 *(.init6)
 *(.init7)
 *(.init7)
 *(.init8)
 *(.init8)
 *(.init9)
 .init9         0x000000000000009a        0x8 d:/programme/avr-gcc-10.1.0-x64-windows/bin/../lib/gcc/avr/10.1.0/../../../../avr/lib/avr5/crtatmega328p.o
 *(.init9)
 *(.text)
 .text          0x00000000000000a2        0x4 d:/programme/avr-gcc-10.1.0-x64-windows/bin/../lib/gcc/avr/10.1.0/../../../../avr/lib/avr5/crtatmega328p.o
                0x00000000000000a2                __vector_22
                0x00000000000000a2                __vector_1
                0x00000000000000a2                __vector_24
                0x00000000000000a2                __vector_12
                0x00000000000000a2                __bad_interrupt
                0x00000000000000a2                __vector_6
                0x00000000000000a2                __vector_3
                0x00000000000000a2                __vector_23
                0x00000000000000a2                __vector_25
                0x00000000000000a2                __vector_11
                0x00000000000000a2                __vector_13
                0x00000000000000a2                __vector_17
                0x00000000000000a2                __vector_19
                0x00000000000000a2                __vector_5
                0x00000000000000a2                __vector_4
                0x00000000000000a2                __vector_9
                0x00000000000000a2                __vector_2
                0x00000000000000a2                __vector_21
                0x00000000000000a2                __vector_15
                0x00000000000000a2                __vector_8
                0x00000000000000a2                __vector_14
                0x00000000000000a2                __vector_10
                0x00000000000000a2                __vector_16
                0x00000000000000a2                __vector_18
                0x00000000000000a2                __vector_20
 .text          0x00000000000000a6        0x0 obj\Release\fuse.o
 .text          0x00000000000000a6      0x1bc obj\Release\lcd.o
                0x000000000000013e                lcd_command
                0x0000000000000150                lcd_data
                0x0000000000000162                lcd_gotoxy
                0x0000000000000170                lcd_getxy
                0x0000000000000178                lcd_clrscr
                0x000000000000017e                lcd_home
                0x0000000000000184                lcd_putc
                0x00000000000001ac                lcd_puts
                0x00000000000001c6                lcd_puts_p
                0x00000000000001e2                lcd_init
 .text          0x0000000000000262      0x1d0 obj\Release\main.o
                0x0000000000000262                init_usart
                0x00000000000002bc                _putch
                0x00000000000002ca                _puts
                0x00000000000002f4                _getch
                0x0000000000000302                _gets
                0x000000000000031e                _newline
                0x000000000000032a                itoa8
                0x0000000000000390                __vector_7
 .text          0x0000000000000432        0x0 d:/programme/avr-gcc-10.1.0-x64-windows/bin/../lib/gcc/avr/10.1.0/avr5\libgcc.a(_udivmodhi4.o)
 .text          0x0000000000000432        0x0 d:/programme/avr-gcc-10.1.0-x64-windows/bin/../lib/gcc/avr/10.1.0/avr5\libgcc.a(_udivmodsi4.o)
 .text          0x0000000000000432        0x0 d:/programme/avr-gcc-10.1.0-x64-windows/bin/../lib/gcc/avr/10.1.0/avr5\libgcc.a(_exit.o)
 .text          0x0000000000000432        0x0 d:/programme/avr-gcc-10.1.0-x64-windows/bin/../lib/gcc/avr/10.1.0/avr5\libgcc.a(_copy_data.o)
 .text          0x0000000000000432        0x0 d:/programme/avr-gcc-10.1.0-x64-windows/bin/../lib/gcc/avr/10.1.0/avr5\libgcc.a(_clear_bss.o)
 .text          0x0000000000000432        0x0 d:/programme/avr-gcc-10.1.0-x64-windows/bin/../lib/gcc/avr/10.1.0/../../../../avr/lib/avr5\libc.a(strcat.o)
                0x0000000000000432                . = ALIGN (0x2)
 *(.text.*)
 .text.startup  0x0000000000000432      0x128 obj\Release\main.o
                0x0000000000000432                main
 .text.libgcc.mul
                0x000000000000055a        0x0 d:/programme/avr-gcc-10.1.0-x64-windows/bin/../lib/gcc/avr/10.1.0/avr5\libgcc.a(_udivmodhi4.o)
 .text.libgcc.div
                0x000000000000055a       0x28 d:/programme/avr-gcc-10.1.0-x64-windows/bin/../lib/gcc/avr/10.1.0/avr5\libgcc.a(_udivmodhi4.o)
                0x000000000000055a                __udivmodhi4
 .text.libgcc   0x0000000000000582        0x0 d:/programme/avr-gcc-10.1.0-x64-windows/bin/../lib/gcc/avr/10.1.0/avr5\libgcc.a(_udivmodhi4.o)
 .text.libgcc.prologue
                0x0000000000000582        0x0 d:/programme/avr-gcc-10.1.0-x64-windows/bin/../lib/gcc/avr/10.1.0/avr5\libgcc.a(_udivmodhi4.o)
 .text.libgcc.builtins
                0x0000000000000582        0x0 d:/programme/avr-gcc-10.1.0-x64-windows/bin/../lib/gcc/avr/10.1.0/avr5\libgcc.a(_udivmodhi4.o)
 .text.libgcc.fmul
                0x0000000000000582        0x0 d:/programme/avr-gcc-10.1.0-x64-windows/bin/../lib/gcc/avr/10.1.0/avr5\libgcc.a(_udivmodhi4.o)
 .text.libgcc.fixed
                0x0000000000000582        0x0 d:/programme/avr-gcc-10.1.0-x64-windows/bin/../lib/gcc/avr/10.1.0/avr5\libgcc.a(_udivmodhi4.o)
 .text.libgcc.mul
                0x0000000000000582        0x0 d:/programme/avr-gcc-10.1.0-x64-windows/bin/../lib/gcc/avr/10.1.0/avr5\libgcc.a(_udivmodsi4.o)
 .text.libgcc.div
                0x0000000000000582       0x44 d:/programme/avr-gcc-10.1.0-x64-windows/bin/../lib/gcc/avr/10.1.0/avr5\libgcc.a(_udivmodsi4.o)
                0x0000000000000582                __udivmodsi4
 .text.libgcc   0x00000000000005c6        0x0 d:/programme/avr-gcc-10.1.0-x64-windows/bin/../lib/gcc/avr/10.1.0/avr5\libgcc.a(_udivmodsi4.o)
 .text.libgcc.prologue
                0x00000000000005c6        0x0 d:/programme/avr-gcc-10.1.0-x64-windows/bin/../lib/gcc/avr/10.1.0/avr5\libgcc.a(_udivmodsi4.o)
 .text.libgcc.builtins
                0x00000000000005c6        0x0 d:/programme/avr-gcc-10.1.0-x64-windows/bin/../lib/gcc/avr/10.1.0/avr5\libgcc.a(_udivmodsi4.o)
 .text.libgcc.fmul
                0x00000000000005c6        0x0 d:/programme/avr-gcc-10.1.0-x64-windows/bin/../lib/gcc/avr/10.1.0/avr5\libgcc.a(_udivmodsi4.o)
 .text.libgcc.fixed
                0x00000000000005c6        0x0 d:/programme/avr-gcc-10.1.0-x64-windows/bin/../lib/gcc/avr/10.1.0/avr5\libgcc.a(_udivmodsi4.o)
 .text.libgcc.mul
                0x00000000000005c6        0x0 d:/programme/avr-gcc-10.1.0-x64-windows/bin/../lib/gcc/avr/10.1.0/avr5\libgcc.a(_exit.o)
 .text.libgcc.div
                0x00000000000005c6        0x0 d:/programme/avr-gcc-10.1.0-x64-windows/bin/../lib/gcc/avr/10.1.0/avr5\libgcc.a(_exit.o)
 .text.libgcc   0x00000000000005c6        0x0 d:/programme/avr-gcc-10.1.0-x64-windows/bin/../lib/gcc/avr/10.1.0/avr5\libgcc.a(_exit.o)
 .text.libgcc.prologue
                0x00000000000005c6        0x0 d:/programme/avr-gcc-10.1.0-x64-windows/bin/../lib/gcc/avr/10.1.0/avr5\libgcc.a(_exit.o)
 .text.libgcc.builtins
                0x00000000000005c6        0x0 d:/programme/avr-gcc-10.1.0-x64-windows/bin/../lib/gcc/avr/10.1.0/avr5\libgcc.a(_exit.o)
 .text.libgcc.fmul
                0x00000000000005c6        0x0 d:/programme/avr-gcc-10.1.0-x64-windows/bin/../lib/gcc/avr/10.1.0/avr5\libgcc.a(_exit.o)
 .text.libgcc.fixed
                0x00000000000005c6        0x0 d:/programme/avr-gcc-10.1.0-x64-windows/bin/../lib/gcc/avr/10.1.0/avr5\libgcc.a(_exit.o)
 .text.libgcc.mul
                0x00000000000005c6        0x0 d:/programme/avr-gcc-10.1.0-x64-windows/bin/../lib/gcc/avr/10.1.0/avr5\libgcc.a(_copy_data.o)
 .text.libgcc.div
                0x00000000000005c6        0x0 d:/programme/avr-gcc-10.1.0-x64-windows/bin/../lib/gcc/avr/10.1.0/avr5\libgcc.a(_copy_data.o)
 .text.libgcc   0x00000000000005c6        0x0 d:/programme/avr-gcc-10.1.0-x64-windows/bin/../lib/gcc/avr/10.1.0/avr5\libgcc.a(_copy_data.o)
 .text.libgcc.prologue
                0x00000000000005c6        0x0 d:/programme/avr-gcc-10.1.0-x64-windows/bin/../lib/gcc/avr/10.1.0/avr5\libgcc.a(_copy_data.o)
 .text.libgcc.builtins
                0x00000000000005c6        0x0 d:/programme/avr-gcc-10.1.0-x64-windows/bin/../lib/gcc/avr/10.1.0/avr5\libgcc.a(_copy_data.o)
 .text.libgcc.fmul
                0x00000000000005c6        0x0 d:/programme/avr-gcc-10.1.0-x64-windows/bin/../lib/gcc/avr/10.1.0/avr5\libgcc.a(_copy_data.o)
 .text.libgcc.fixed
                0x00000000000005c6        0x0 d:/programme/avr-gcc-10.1.0-x64-windows/bin/../lib/gcc/avr/10.1.0/avr5\libgcc.a(_copy_data.o)
 .text.libgcc.mul
                0x00000000000005c6        0x0 d:/programme/avr-gcc-10.1.0-x64-windows/bin/../lib/gcc/avr/10.1.0/avr5\libgcc.a(_clear_bss.o)
 .text.libgcc.div
                0x00000000000005c6        0x0 d:/programme/avr-gcc-10.1.0-x64-windows/bin/../lib/gcc/avr/10.1.0/avr5\libgcc.a(_clear_bss.o)
 .text.libgcc   0x00000000000005c6        0x0 d:/programme/avr-gcc-10.1.0-x64-windows/bin/../lib/gcc/avr/10.1.0/avr5\libgcc.a(_clear_bss.o)
 .text.libgcc.prologue
                0x00000000000005c6        0x0 d:/programme/avr-gcc-10.1.0-x64-windows/bin/../lib/gcc/avr/10.1.0/avr5\libgcc.a(_clear_bss.o)
 .text.libgcc.builtins
                0x00000000000005c6        0x0 d:/programme/avr-gcc-10.1.0-x64-windows/bin/../lib/gcc/avr/10.1.0/avr5\libgcc.a(_clear_bss.o)
 .text.libgcc.fmul
                0x00000000000005c6        0x0 d:/programme/avr-gcc-10.1.0-x64-windows/bin/../lib/gcc/avr/10.1.0/avr5\libgcc.a(_clear_bss.o)
 .text.libgcc.fixed
                0x00000000000005c6        0x0 d:/programme/avr-gcc-10.1.0-x64-windows/bin/../lib/gcc/avr/10.1.0/avr5\libgcc.a(_clear_bss.o)
 .text.avr-libc
                0x00000000000005c6       0x16 d:/programme/avr-gcc-10.1.0-x64-windows/bin/../lib/gcc/avr/10.1.0/../../../../avr/lib/avr5\libc.a(strcat.o)
                0x00000000000005c6                strcat
                0x00000000000005dc                . = ALIGN (0x2)
 *(.fini9)
 .fini9         0x00000000000005dc        0x0 d:/programme/avr-gcc-10.1.0-x64-windows/bin/../lib/gcc/avr/10.1.0/avr5\libgcc.a(_exit.o)
                0x00000000000005dc                _exit
                0x00000000000005dc                exit
 *(.fini9)
 *(.fini8)
 *(.fini8)
 *(.fini7)
 *(.fini7)
 *(.fini6)
 *(.fini6)
 *(.fini5)
 *(.fini5)
 *(.fini4)
 *(.fini4)
 *(.fini3)
 *(.fini3)
 *(.fini2)
 *(.fini2)
 *(.fini1)
 *(.fini1)
 *(.fini0)
 .fini0         0x00000000000005dc        0x4 d:/programme/avr-gcc-10.1.0-x64-windows/bin/../lib/gcc/avr/10.1.0/avr5\libgcc.a(_exit.o)
 *(.fini0)
 *(.hightext)
 *(.hightext*)
 *(.progmemx.*)
                0x00000000000005e0                . = ALIGN (0x2)
 *(.jumptables)
 *(.jumptables*)
                0x00000000000005e0                _etext = .

.data           0x0000000000800100        0x6 load address 0x00000000000005e0
                0x0000000000800100                PROVIDE (__data_start = .)
 *(.data)
 .data          0x0000000000800100        0x0 d:/programme/avr-gcc-10.1.0-x64-windows/bin/../lib/gcc/avr/10.1.0/../../../../avr/lib/avr5/crtatmega328p.o
 .data          0x0000000000800100        0x0 obj\Release\fuse.o
 .data          0x0000000000800100        0x0 obj\Release\lcd.o
 .data          0x0000000000800100        0x0 obj\Release\main.o
 .data          0x0000000000800100        0x0 d:/programme/avr-gcc-10.1.0-x64-windows/bin/../lib/gcc/avr/10.1.0/avr5\libgcc.a(_udivmodhi4.o)
 .data          0x0000000000800100        0x0 d:/programme/avr-gcc-10.1.0-x64-windows/bin/../lib/gcc/avr/10.1.0/avr5\libgcc.a(_udivmodsi4.o)
 .data          0x0000000000800100        0x0 d:/programme/avr-gcc-10.1.0-x64-windows/bin/../lib/gcc/avr/10.1.0/avr5\libgcc.a(_exit.o)
 .data          0x0000000000800100        0x0 d:/programme/avr-gcc-10.1.0-x64-windows/bin/../lib/gcc/avr/10.1.0/avr5\libgcc.a(_copy_data.o)
 .data          0x0000000000800100        0x0 d:/programme/avr-gcc-10.1.0-x64-windows/bin/../lib/gcc/avr/10.1.0/avr5\libgcc.a(_clear_bss.o)
 .data          0x0000000000800100        0x0 d:/programme/avr-gcc-10.1.0-x64-windows/bin/../lib/gcc/avr/10.1.0/../../../../avr/lib/avr5\libc.a(strcat.o)
 *(.data*)
 *(.gnu.linkonce.d*)
 *(.rodata)
 *(.rodata*)
 .rodata.str1.1
                0x0000000000800100        0x6 obj\Release\main.o
 *(.gnu.linkonce.r*)
                0x0000000000800106                . = ALIGN (0x2)
                0x0000000000800106                _edata = .
                0x0000000000800106                PROVIDE (__data_end = .)

.bss            0x0000000000800106        0xb
                0x0000000000800106                PROVIDE (__bss_start = .)
 *(.bss)
 .bss           0x0000000000800106        0x0 d:/programme/avr-gcc-10.1.0-x64-windows/bin/../lib/gcc/avr/10.1.0/../../../../avr/lib/avr5/crtatmega328p.o
 .bss           0x0000000000800106        0x0 obj\Release\fuse.o
 .bss           0x0000000000800106        0x0 obj\Release\lcd.o
 .bss           0x0000000000800106        0xb obj\Release\main.o
                0x0000000000800106                spgs
                0x0000000000800110                mscount50
 .bss           0x0000000000800111        0x0 d:/programme/avr-gcc-10.1.0-x64-windows/bin/../lib/gcc/avr/10.1.0/avr5\libgcc.a(_udivmodhi4.o)
 .bss           0x0000000000800111        0x0 d:/programme/avr-gcc-10.1.0-x64-windows/bin/../lib/gcc/avr/10.1.0/avr5\libgcc.a(_udivmodsi4.o)
 .bss           0x0000000000800111        0x0 d:/programme/avr-gcc-10.1.0-x64-windows/bin/../lib/gcc/avr/10.1.0/avr5\libgcc.a(_exit.o)
 .bss           0x0000000000800111        0x0 d:/programme/avr-gcc-10.1.0-x64-windows/bin/../lib/gcc/avr/10.1.0/avr5\libgcc.a(_copy_data.o)
 .bss           0x0000000000800111        0x0 d:/programme/avr-gcc-10.1.0-x64-windows/bin/../lib/gcc/avr/10.1.0/avr5\libgcc.a(_clear_bss.o)
 .bss           0x0000000000800111        0x0 d:/programme/avr-gcc-10.1.0-x64-windows/bin/../lib/gcc/avr/10.1.0/../../../../avr/lib/avr5\libc.a(strcat.o)
 *(.bss*)
 *(COMMON)
                0x0000000000800111                PROVIDE (__bss_end = .)
                0x00000000000005e0                __data_load_start = LOADADDR (.data)
                0x00000000000005e6                __data_load_end = (__data_load_start + SIZEOF (.data))

.noinit         0x0000000000800111        0x0
                [!provide]                        PROVIDE (__noinit_start = .)
 *(.noinit*)
                [!provide]                        PROVIDE (__noinit_end = .)
                0x0000000000800111                _end = .
                [!provide]                        PROVIDE (__heap_start = .)

.eeprom         0x0000000000810000        0x0
 *(.eeprom*)
                0x0000000000810000                __eeprom_end = .

.fuse           0x0000000000820000        0x3
 *(.fuse)
 .fuse          0x0000000000820000        0x3 obj\Release\fuse.o
                0x0000000000820000                __fuse
 *(.lfuse)
 *(.hfuse)
 *(.efuse)

.lock
 *(.lock*)

.signature
 *(.signature*)

.stab
 *(.stab)

.stabstr
 *(.stabstr)

.stab.excl
 *(.stab.excl)

.stab.exclstr
 *(.stab.exclstr)

.stab.index
 *(.stab.index)

.stab.indexstr
 *(.stab.indexstr)

.comment        0x0000000000000000       0x12
 *(.comment)
 .comment       0x0000000000000000       0x12 obj\Release\fuse.o
                                         0x13 (size before relaxing)
 .comment       0x0000000000000012       0x13 obj\Release\lcd.o
 .comment       0x0000000000000012       0x13 obj\Release\main.o

.note.gnu.avr.deviceinfo
                0x0000000000000000       0x40
 .note.gnu.avr.deviceinfo
                0x0000000000000000       0x40 d:/programme/avr-gcc-10.1.0-x64-windows/bin/../lib/gcc/avr/10.1.0/../../../../avr/lib/avr5/crtatmega328p.o

.note.gnu.build-id
 *(.note.gnu.build-id)

.debug
 *(.debug)

.line
 *(.line)

.debug_srcinfo
 *(.debug_srcinfo)

.debug_sfnames
 *(.debug_sfnames)

.debug_aranges  0x0000000000000000       0xa0
 *(.debug_aranges)
 .debug_aranges
                0x0000000000000000       0x20 d:/programme/avr-gcc-10.1.0-x64-windows/bin/../lib/gcc/avr/10.1.0/avr5\libgcc.a(_udivmodhi4.o)
 .debug_aranges
                0x0000000000000020       0x20 d:/programme/avr-gcc-10.1.0-x64-windows/bin/../lib/gcc/avr/10.1.0/avr5\libgcc.a(_udivmodsi4.o)
 .debug_aranges
                0x0000000000000040       0x20 d:/programme/avr-gcc-10.1.0-x64-windows/bin/../lib/gcc/avr/10.1.0/avr5\libgcc.a(_exit.o)
 .debug_aranges
                0x0000000000000060       0x20 d:/programme/avr-gcc-10.1.0-x64-windows/bin/../lib/gcc/avr/10.1.0/avr5\libgcc.a(_copy_data.o)
 .debug_aranges
                0x0000000000000080       0x20 d:/programme/avr-gcc-10.1.0-x64-windows/bin/../lib/gcc/avr/10.1.0/avr5\libgcc.a(_clear_bss.o)

.debug_pubnames
 *(.debug_pubnames)

.debug_info     0x0000000000000000      0x6b2
 *(.debug_info .gnu.linkonce.wi.*)
 .debug_info    0x0000000000000000      0x5f4 d:/programme/avr-gcc-10.1.0-x64-windows/bin/../lib/gcc/avr/10.1.0/../../../../avr/lib/avr5/crtatmega328p.o
 .debug_info    0x00000000000005f4       0x26 d:/programme/avr-gcc-10.1.0-x64-windows/bin/../lib/gcc/avr/10.1.0/avr5\libgcc.a(_udivmodhi4.o)
 .debug_info    0x000000000000061a       0x26 d:/programme/avr-gcc-10.1.0-x64-windows/bin/../lib/gcc/avr/10.1.0/avr5\libgcc.a(_udivmodsi4.o)
 .debug_info    0x0000000000000640       0x26 d:/programme/avr-gcc-10.1.0-x64-windows/bin/../lib/gcc/avr/10.1.0/avr5\libgcc.a(_exit.o)
 .debug_info    0x0000000000000666       0x26 d:/programme/avr-gcc-10.1.0-x64-windows/bin/../lib/gcc/avr/10.1.0/avr5\libgcc.a(_copy_data.o)
 .debug_info    0x000000000000068c       0x26 d:/programme/avr-gcc-10.1.0-x64-windows/bin/../lib/gcc/avr/10.1.0/avr5\libgcc.a(_clear_bss.o)

.debug_abbrev   0x0000000000000000      0x606
 *(.debug_abbrev)
 .debug_abbrev  0x0000000000000000      0x5a2 d:/programme/avr-gcc-10.1.0-x64-windows/bin/../lib/gcc/avr/10.1.0/../../../../avr/lib/avr5/crtatmega328p.o
 .debug_abbrev  0x00000000000005a2       0x14 d:/programme/avr-gcc-10.1.0-x64-windows/bin/../lib/gcc/avr/10.1.0/avr5\libgcc.a(_udivmodhi4.o)
 .debug_abbrev  0x00000000000005b6       0x14 d:/programme/avr-gcc-10.1.0-x64-windows/bin/../lib/gcc/avr/10.1.0/avr5\libgcc.a(_udivmodsi4.o)
 .debug_abbrev  0x00000000000005ca       0x14 d:/programme/avr-gcc-10.1.0-x64-windows/bin/../lib/gcc/avr/10.1.0/avr5\libgcc.a(_exit.o)
 .debug_abbrev  0x00000000000005de       0x14 d:/programme/avr-gcc-10.1.0-x64-windows/bin/../lib/gcc/avr/10.1.0/avr5\libgcc.a(_copy_data.o)
 .debug_abbrev  0x00000000000005f2       0x14 d:/programme/avr-gcc-10.1.0-x64-windows/bin/../lib/gcc/avr/10.1.0/avr5\libgcc.a(_clear_bss.o)

.debug_line     0x0000000000000000      0x388
 *(.debug_line .debug_line.* .debug_line_end)
 .debug_line    0x0000000000000000       0x1d d:/programme/avr-gcc-10.1.0-x64-windows/bin/../lib/gcc/avr/10.1.0/../../../../avr/lib/avr5/crtatmega328p.o
 .debug_line    0x000000000000001d       0xcd d:/programme/avr-gcc-10.1.0-x64-windows/bin/../lib/gcc/avr/10.1.0/avr5\libgcc.a(_udivmodhi4.o)
 .debug_line    0x00000000000000ea      0x121 d:/programme/avr-gcc-10.1.0-x64-windows/bin/../lib/gcc/avr/10.1.0/avr5\libgcc.a(_udivmodsi4.o)
 .debug_line    0x000000000000020b       0x61 d:/programme/avr-gcc-10.1.0-x64-windows/bin/../lib/gcc/avr/10.1.0/avr5\libgcc.a(_exit.o)
 .debug_line    0x000000000000026c       0x97 d:/programme/avr-gcc-10.1.0-x64-windows/bin/../lib/gcc/avr/10.1.0/avr5\libgcc.a(_copy_data.o)
 .debug_line    0x0000000000000303       0x85 d:/programme/avr-gcc-10.1.0-x64-windows/bin/../lib/gcc/avr/10.1.0/avr5\libgcc.a(_clear_bss.o)

.debug_frame
 *(.debug_frame)

.debug_str      0x0000000000000000      0x26a
 *(.debug_str)
 .debug_str     0x0000000000000000      0x20b d:/programme/avr-gcc-10.1.0-x64-windows/bin/../lib/gcc/avr/10.1.0/../../../../avr/lib/avr5/crtatmega328p.o
 .debug_str     0x000000000000020b       0x5f d:/programme/avr-gcc-10.1.0-x64-windows/bin/../lib/gcc/avr/10.1.0/avr5\libgcc.a(_udivmodhi4.o)
 .debug_str     0x000000000000026a       0x5f d:/programme/avr-gcc-10.1.0-x64-windows/bin/../lib/gcc/avr/10.1.0/avr5\libgcc.a(_udivmodsi4.o)
 .debug_str     0x000000000000026a       0x5f d:/programme/avr-gcc-10.1.0-x64-windows/bin/../lib/gcc/avr/10.1.0/avr5\libgcc.a(_exit.o)
 .debug_str     0x000000000000026a       0x5f d:/programme/avr-gcc-10.1.0-x64-windows/bin/../lib/gcc/avr/10.1.0/avr5\libgcc.a(_copy_data.o)
 .debug_str     0x000000000000026a       0x5f d:/programme/avr-gcc-10.1.0-x64-windows/bin/../lib/gcc/avr/10.1.0/avr5\libgcc.a(_clear_bss.o)

.debug_loc
 *(.debug_loc)

.debug_macinfo
 *(.debug_macinfo)

.debug_weaknames
 *(.debug_weaknames)

.debug_funcnames
 *(.debug_funcnames)

.debug_typenames
 *(.debug_typenames)

.debug_varnames
 *(.debug_varnames)

.debug_pubtypes
 *(.debug_pubtypes)

.debug_ranges
 *(.debug_ranges)

.debug_macro
 *(.debug_macro)

.debug_addr
 *(.debug_addr)
OUTPUT(bin\Release\DCMotor.elf elf32-avr)
LOAD linker stubs

Cross Reference Table

Symbol                                            File
__FUSE_REGION_LENGTH__                            d:/programme/avr-gcc-10.1.0-x64-windows/bin/../lib/gcc/avr/10.1.0/../../../../avr/lib/avr5/crtatmega328p.o
__bad_interrupt                                   d:/programme/avr-gcc-10.1.0-x64-windows/bin/../lib/gcc/avr/10.1.0/../../../../avr/lib/avr5/crtatmega328p.o
__bss_end                                         d:/programme/avr-gcc-10.1.0-x64-windows/bin/../lib/gcc/avr/10.1.0/avr5\libgcc.a(_clear_bss.o)
__bss_start                                       d:/programme/avr-gcc-10.1.0-x64-windows/bin/../lib/gcc/avr/10.1.0/avr5\libgcc.a(_clear_bss.o)
__data_end                                        d:/programme/avr-gcc-10.1.0-x64-windows/bin/../lib/gcc/avr/10.1.0/avr5\libgcc.a(_copy_data.o)
__data_load_start                                 d:/programme/avr-gcc-10.1.0-x64-windows/bin/../lib/gcc/avr/10.1.0/avr5\libgcc.a(_copy_data.o)
__data_start                                      d:/programme/avr-gcc-10.1.0-x64-windows/bin/../lib/gcc/avr/10.1.0/avr5\libgcc.a(_copy_data.o)
__do_clear_bss                                    d:/programme/avr-gcc-10.1.0-x64-windows/bin/../lib/gcc/avr/10.1.0/avr5\libgcc.a(_clear_bss.o)
                                                  obj\Release\main.o
__do_copy_data                                    d:/programme/avr-gcc-10.1.0-x64-windows/bin/../lib/gcc/avr/10.1.0/avr5\libgcc.a(_copy_data.o)
                                                  obj\Release\main.o
__fuse                                            obj\Release\fuse.o
__heap_end                                        d:/programme/avr-gcc-10.1.0-x64-windows/bin/../lib/gcc/avr/10.1.0/../../../../avr/lib/avr5/crtatmega328p.o
__init                                            d:/programme/avr-gcc-10.1.0-x64-windows/bin/../lib/gcc/avr/10.1.0/../../../../avr/lib/avr5/crtatmega328p.o
__stack                                           d:/programme/avr-gcc-10.1.0-x64-windows/bin/../lib/gcc/avr/10.1.0/../../../../avr/lib/avr5/crtatmega328p.o
__udivmodhi4                                      d:/programme/avr-gcc-10.1.0-x64-windows/bin/../lib/gcc/avr/10.1.0/avr5\libgcc.a(_udivmodhi4.o)
                                                  obj\Release\main.o
__udivmodsi4                                      d:/programme/avr-gcc-10.1.0-x64-windows/bin/../lib/gcc/avr/10.1.0/avr5\libgcc.a(_udivmodsi4.o)
                                                  obj\Release\main.o
__vector_1                                        d:/programme/avr-gcc-10.1.0-x64-windows/bin/../lib/gcc/avr/10.1.0/../../../../avr/lib/avr5/crtatmega328p.o
__vector_10                                       d:/programme/avr-gcc-10.1.0-x64-windows/bin/../lib/gcc/avr/10.1.0/../../../../avr/lib/avr5/crtatmega328p.o
__vector_11                                       d:/programme/avr-gcc-10.1.0-x64-windows/bin/../lib/gcc/avr/10.1.0/../../../../avr/lib/avr5/crtatmega328p.o
__vector_12                                       d:/programme/avr-gcc-10.1.0-x64-windows/bin/../lib/gcc/avr/10.1.0/../../../../avr/lib/avr5/crtatmega328p.o
__vector_13                                       d:/programme/avr-gcc-10.1.0-x64-windows/bin/../lib/gcc/avr/10.1.0/../../../../avr/lib/avr5/crtatmega328p.o
__vector_14                                       d:/programme/avr-gcc-10.1.0-x64-windows/bin/../lib/gcc/avr/10.1.0/../../../../avr/lib/avr5/crtatmega328p.o
__vector_15                                       d:/programme/avr-gcc-10.1.0-x64-windows/bin/../lib/gcc/avr/10.1.0/../../../../avr/lib/avr5/crtatmega328p.o
__vector_16                                       d:/programme/avr-gcc-10.1.0-x64-windows/bin/../lib/gcc/avr/10.1.0/../../../../avr/lib/avr5/crtatmega328p.o
__vector_17                                       d:/programme/avr-gcc-10.1.0-x64-windows/bin/../lib/gcc/avr/10.1.0/../../../../avr/lib/avr5/crtatmega328p.o
__vector_18                                       d:/programme/avr-gcc-10.1.0-x64-windows/bin/../lib/gcc/avr/10.1.0/../../../../avr/lib/avr5/crtatmega328p.o
__vector_19                                       d:/programme/avr-gcc-10.1.0-x64-windows/bin/../lib/gcc/avr/10.1.0/../../../../avr/lib/avr5/crtatmega328p.o
__vector_2                                        d:/programme/avr-gcc-10.1.0-x64-windows/bin/../lib/gcc/avr/10.1.0/../../../../avr/lib/avr5/crtatmega328p.o
__vector_20                                       d:/programme/avr-gcc-10.1.0-x64-windows/bin/../lib/gcc/avr/10.1.0/../../../../avr/lib/avr5/crtatmega328p.o
__vector_21                                       d:/programme/avr-gcc-10.1.0-x64-windows/bin/../lib/gcc/avr/10.1.0/../../../../avr/lib/avr5/crtatmega328p.o
__vector_22                                       d:/programme/avr-gcc-10.1.0-x64-windows/bin/../lib/gcc/avr/10.1.0/../../../../avr/lib/avr5/crtatmega328p.o
__vector_23                                       d:/programme/avr-gcc-10.1.0-x64-windows/bin/../lib/gcc/avr/10.1.0/../../../../avr/lib/avr5/crtatmega328p.o
__vector_24                                       d:/programme/avr-gcc-10.1.0-x64-windows/bin/../lib/gcc/avr/10.1.0/../../../../avr/lib/avr5/crtatmega328p.o
__vector_25                                       d:/programme/avr-gcc-10.1.0-x64-windows/bin/../lib/gcc/avr/10.1.0/../../../../avr/lib/avr5/crtatmega328p.o
__vector_3                                        d:/programme/avr-gcc-10.1.0-x64-windows/bin/../lib/gcc/avr/10.1.0/../../../../avr/lib/avr5/crtatmega328p.o
__vector_4                                        d:/programme/avr-gcc-10.1.0-x64-windows/bin/../lib/gcc/avr/10.1.0/../../../../avr/lib/avr5/crtatmega328p.o
__vector_5                                        d:/programme/avr-gcc-10.1.0-x64-windows/bin/../lib/gcc/avr/10.1.0/../../../../avr/lib/avr5/crtatmega328p.o
__vector_6                                        d:/programme/avr-gcc-10.1.0-x64-windows/bin/../lib/gcc/avr/10.1.0/../../../../avr/lib/avr5/crtatmega328p.o
__vector_7                                        obj\Release\main.o
                                                  d:/programme/avr-gcc-10.1.0-x64-windows/bin/../lib/gcc/avr/10.1.0/../../../../avr/lib/avr5/crtatmega328p.o
__vector_8                                        d:/programme/avr-gcc-10.1.0-x64-windows/bin/../lib/gcc/avr/10.1.0/../../../../avr/lib/avr5/crtatmega328p.o
__vector_9                                        d:/programme/avr-gcc-10.1.0-x64-windows/bin/../lib/gcc/avr/10.1.0/../../../../avr/lib/avr5/crtatmega328p.o
__vector_default                                  d:/programme/avr-gcc-10.1.0-x64-windows/bin/../lib/gcc/avr/10.1.0/../../../../avr/lib/avr5/crtatmega328p.o
__vectors                                         d:/programme/avr-gcc-10.1.0-x64-windows/bin/../lib/gcc/avr/10.1.0/../../../../avr/lib/avr5/crtatmega328p.o
_exit                                             d:/programme/avr-gcc-10.1.0-x64-windows/bin/../lib/gcc/avr/10.1.0/avr5\libgcc.a(_exit.o)
_getch                                            obj\Release\main.o
_gets                                             obj\Release\main.o
_newline                                          obj\Release\main.o
_putch                                            obj\Release\main.o
_puts                                             obj\Release\main.o
exit                                              d:/programme/avr-gcc-10.1.0-x64-windows/bin/../lib/gcc/avr/10.1.0/avr5\libgcc.a(_exit.o)
                                                  d:/programme/avr-gcc-10.1.0-x64-windows/bin/../lib/gcc/avr/10.1.0/../../../../avr/lib/avr5/crtatmega328p.o
init_usart                                        obj\Release\main.o
itoa8                                             obj\Release\main.o
lcd_clrscr                                        obj\Release\lcd.o
                                                  obj\Release\main.o
lcd_command                                       obj\Release\lcd.o
lcd_data                                          obj\Release\lcd.o
lcd_getxy                                         obj\Release\lcd.o
lcd_gotoxy                                        obj\Release\lcd.o
lcd_home                                          obj\Release\lcd.o
lcd_init                                          obj\Release\lcd.o
                                                  obj\Release\main.o
lcd_putc                                          obj\Release\lcd.o
lcd_puts                                          obj\Release\lcd.o
                                                  obj\Release\main.o
lcd_puts_p                                        obj\Release\lcd.o
main                                              obj\Release\main.o
                                                  d:/programme/avr-gcc-10.1.0-x64-windows/bin/../lib/gcc/avr/10.1.0/../../../../avr/lib/avr5/crtatmega328p.o
mscount50                                         obj\Release\main.o
spgs                                              obj\Release\main.o
strcat                                            d:/programme/avr-gcc-10.1.0-x64-windows/bin/../lib/gcc/avr/10.1.0/../../../../avr/lib/avr5\libc.a(strcat.o)
                                                  obj\Release\main.o
